Archive member included to satisfy reference by file (symbol)

E:/ST/STM32CubeIDE_1.18.0/STM32CubeIDE/plugins/com.st.stm32cube.ide.mcu.externaltools.gnu-tools-for-stm32.13.3.rel1.win32_1.0.0.202411081344/tools/bin/../lib/gcc/arm-none-eabi/13.3.1/../../../../arm-none-eabi/lib/thumb/v7e-m+fp/hard\libc_nano.a(libc_a-exit.o)
                              E:/ST/STM32CubeIDE_1.18.0/STM32CubeIDE/plugins/com.st.stm32cube.ide.mcu.externaltools.gnu-tools-for-stm32.13.3.rel1.win32_1.0.0.202411081344/tools/bin/../lib/gcc/arm-none-eabi/13.3.1/../../../../arm-none-eabi/lib/thumb/v7e-m+fp/hard/crt0.o (exit)
E:/ST/STM32CubeIDE_1.18.0/STM32CubeIDE/plugins/com.st.stm32cube.ide.mcu.externaltools.gnu-tools-for-stm32.13.3.rel1.win32_1.0.0.202411081344/tools/bin/../lib/gcc/arm-none-eabi/13.3.1/../../../../arm-none-eabi/lib/thumb/v7e-m+fp/hard\libc_nano.a(libc_a-findfp.o)
                              ./Middlewares/Third_Party/FreeRTOS/Source/tasks.o (__sf)
E:/ST/STM32CubeIDE_1.18.0/STM32CubeIDE/plugins/com.st.stm32cube.ide.mcu.externaltools.gnu-tools-for-stm32.13.3.rel1.win32_1.0.0.202411081344/tools/bin/../lib/gcc/arm-none-eabi/13.3.1/../../../../arm-none-eabi/lib/thumb/v7e-m+fp/hard\libc_nano.a(libc_a-fwalk.o)
                              E:/ST/STM32CubeIDE_1.18.0/STM32CubeIDE/plugins/com.st.stm32cube.ide.mcu.externaltools.gnu-tools-for-stm32.13.3.rel1.win32_1.0.0.202411081344/tools/bin/../lib/gcc/arm-none-eabi/13.3.1/../../../../arm-none-eabi/lib/thumb/v7e-m+fp/hard\libc_nano.a(libc_a-findfp.o) (_fwalk_sglue)
E:/ST/STM32CubeIDE_1.18.0/STM32CubeIDE/plugins/com.st.stm32cube.ide.mcu.externaltools.gnu-tools-for-stm32.13.3.rel1.win32_1.0.0.202411081344/tools/bin/../lib/gcc/arm-none-eabi/13.3.1/../../../../arm-none-eabi/lib/thumb/v7e-m+fp/hard\libc_nano.a(libc_a-printf.o)
                              ./Core/Src/filemanager.o (printf)
E:/ST/STM32CubeIDE_1.18.0/STM32CubeIDE/plugins/com.st.stm32cube.ide.mcu.externaltools.gnu-tools-for-stm32.13.3.rel1.win32_1.0.0.202411081344/tools/bin/../lib/gcc/arm-none-eabi/13.3.1/../../../../arm-none-eabi/lib/thumb/v7e-m+fp/hard\libc_nano.a(libc_a-puts.o)
                              ./Core/Src/filemanager.o (puts)
E:/ST/STM32CubeIDE_1.18.0/STM32CubeIDE/plugins/com.st.stm32cube.ide.mcu.externaltools.gnu-tools-for-stm32.13.3.rel1.win32_1.0.0.202411081344/tools/bin/../lib/gcc/arm-none-eabi/13.3.1/../../../../arm-none-eabi/lib/thumb/v7e-m+fp/hard\libc_nano.a(libc_a-stdio.o)
                              E:/ST/STM32CubeIDE_1.18.0/STM32CubeIDE/plugins/com.st.stm32cube.ide.mcu.externaltools.gnu-tools-for-stm32.13.3.rel1.win32_1.0.0.202411081344/tools/bin/../lib/gcc/arm-none-eabi/13.3.1/../../../../arm-none-eabi/lib/thumb/v7e-m+fp/hard\libc_nano.a(libc_a-findfp.o) (__sread)
E:/ST/STM32CubeIDE_1.18.0/STM32CubeIDE/plugins/com.st.stm32cube.ide.mcu.externaltools.gnu-tools-for-stm32.13.3.rel1.win32_1.0.0.202411081344/tools/bin/../lib/gcc/arm-none-eabi/13.3.1/../../../../arm-none-eabi/lib/thumb/v7e-m+fp/hard\libc_nano.a(libc_a-wbuf.o)
                              E:/ST/STM32CubeIDE_1.18.0/STM32CubeIDE/plugins/com.st.stm32cube.ide.mcu.externaltools.gnu-tools-for-stm32.13.3.rel1.win32_1.0.0.202411081344/tools/bin/../lib/gcc/arm-none-eabi/13.3.1/../../../../arm-none-eabi/lib/thumb/v7e-m+fp/hard\libc_nano.a(libc_a-puts.o) (__swbuf_r)
E:/ST/STM32CubeIDE_1.18.0/STM32CubeIDE/plugins/com.st.stm32cube.ide.mcu.externaltools.gnu-tools-for-stm32.13.3.rel1.win32_1.0.0.202411081344/tools/bin/../lib/gcc/arm-none-eabi/13.3.1/../../../../arm-none-eabi/lib/thumb/v7e-m+fp/hard\libc_nano.a(libc_a-wsetup.o)
                              E:/ST/STM32CubeIDE_1.18.0/STM32CubeIDE/plugins/com.st.stm32cube.ide.mcu.externaltools.gnu-tools-for-stm32.13.3.rel1.win32_1.0.0.202411081344/tools/bin/../lib/gcc/arm-none-eabi/13.3.1/../../../../arm-none-eabi/lib/thumb/v7e-m+fp/hard\libc_nano.a(libc_a-puts.o) (__swsetup_r)
E:/ST/STM32CubeIDE_1.18.0/STM32CubeIDE/plugins/com.st.stm32cube.ide.mcu.externaltools.gnu-tools-for-stm32.13.3.rel1.win32_1.0.0.202411081344/tools/bin/../lib/gcc/arm-none-eabi/13.3.1/../../../../arm-none-eabi/lib/thumb/v7e-m+fp/hard\libc_nano.a(libc_a-memset.o)
                              E:/ST/STM32CubeIDE_1.18.0/STM32CubeIDE/plugins/com.st.stm32cube.ide.mcu.externaltools.gnu-tools-for-stm32.13.3.rel1.win32_1.0.0.202411081344/tools/bin/../lib/gcc/arm-none-eabi/13.3.1/../../../../arm-none-eabi/lib/thumb/v7e-m+fp/hard/crt0.o (memset)
E:/ST/STM32CubeIDE_1.18.0/STM32CubeIDE/plugins/com.st.stm32cube.ide.mcu.externaltools.gnu-tools-for-stm32.13.3.rel1.win32_1.0.0.202411081344/tools/bin/../lib/gcc/arm-none-eabi/13.3.1/../../../../arm-none-eabi/lib/thumb/v7e-m+fp/hard\libc_nano.a(libc_a-closer.o)
                              E:/ST/STM32CubeIDE_1.18.0/STM32CubeIDE/plugins/com.st.stm32cube.ide.mcu.externaltools.gnu-tools-for-stm32.13.3.rel1.win32_1.0.0.202411081344/tools/bin/../lib/gcc/arm-none-eabi/13.3.1/../../../../arm-none-eabi/lib/thumb/v7e-m+fp/hard\libc_nano.a(libc_a-stdio.o) (_close_r)
[...]
Memory Configuration

Name             Origin             Length             Attributes
CCMRAM           0x10000000         0x00010000         xrw
RAM              0x20000000         0x00020000         xrw
FLASH            0x08000000         0x00080000         xr
*default*        0x00000000         0xffffffff

Linker script and memory map

LOAD E:/ST/STM32CubeIDE_1.18.0/STM32CubeIDE/plugins/com.st.stm32cube.ide.mcu.externaltools.gnu-tools-for-stm32.13.3.rel1.win32_1.0.0.202411081344/tools/bin/../lib/gcc/arm-none-eabi/13.3.1/thumb/v7e-m+fp/hard/crti.o
LOAD E:/ST/STM32CubeIDE_1.18.0/STM32CubeIDE/plugins/com.st.stm32cube.ide.mcu.externaltools.gnu-tools-for-stm32.13.3.rel1.win32_1.0.0.202411081344/tools/bin/../lib/gcc/arm-none-eabi/13.3.1/thumb/v7e-m+fp/hard/crtbegin.o
LOAD E:/ST/STM32CubeIDE_1.18.0/STM32CubeIDE/plugins/com.st.stm32cube.ide.mcu.externaltools.gnu-tools-for-stm32.13.3.rel1.win32_1.0.0.202411081344/tools/bin/../lib/gcc/arm-none-eabi/13.3.1/../../../../arm-none-eabi/lib/thumb/v7e-m+fp/hard/crt0.o
LOAD ./Core/Src/dma.o
LOAD ./Core/Src/filemanager.o
LOAD ./Core/Src/freertos.o
LOAD ./Core/Src/gpio.o
LOAD ./Core/Src/i2s.o
LOAD ./Core/Src/main.o
LOAD ./Core/Src/sdio.o
LOAD ./Core/Src/stm32f4xx_hal_msp.o
LOAD ./Core/Src/stm32f4xx_hal_timebase_tim.o
LOAD ./Core/Src/stm32f4xx_it.o
LOAD ./Core/Src/syscalls.o
LOAD ./Core/Src/sysmem.o
LOAD ./Core/Src/system_stm32f4xx.o
LOAD ./Core/Src/usart.o
LOAD ./Core/Src/wavPlayer.o
LOAD ./Core/Startup/startup_stm32f407vetx.o
LOAD ./Drivers/STM32F4xx_HAL_Driver/Src/stm32f4xx_hal.o
LOAD ./Drivers/STM32F4xx_HAL_Driver/Src/stm32f4xx_hal_cortex.o
LOAD ./Drivers/STM32F4xx_HAL_Driver/Src/stm32f4xx_hal_dma.o
LOAD ./Drivers/STM32F4xx_HAL_Driver/Src/stm32f4xx_hal_dma_ex.o
LOAD ./Drivers/STM32F4xx_HAL_Driver/Src/stm32f4xx_hal_exti.o
LOAD ./Drivers/STM32F4xx_HAL_Driver/Src/stm32f4xx_hal_flash.o
LOAD ./Drivers/STM32F4xx_HAL_Driver/Src/stm32f4xx_hal_flash_ex.o
LOAD ./Drivers/STM32F4xx_HAL_Driver/Src/stm32f4xx_hal_flash_ramfunc.o
LOAD ./Drivers/STM32F4xx_HAL_Driver/Src/stm32f4xx_hal_gpio.o
LOAD ./Drivers/STM32F4xx_HAL_Driver/Src/stm32f4xx_hal_i2s.o
LOAD ./Drivers/STM32F4xx_HAL_Driver/Src/stm32f4xx_hal_i2s_ex.o
LOAD ./Drivers/STM32F4xx_HAL_Driver/Src/stm32f4xx_hal_mmc.o
LOAD ./Drivers/STM32F4xx_HAL_Driver/Src/stm32f4xx_hal_pwr.o
LOAD ./Drivers/STM32F4xx_HAL_Driver/Src/stm32f4xx_hal_pwr_ex.o
LOAD ./Drivers/STM32F4xx_HAL_Driver/Src/stm32f4xx_hal_rcc.o
LOAD ./Drivers/STM32F4xx_HAL_Driver/Src/stm32f4xx_hal_rcc_ex.o
LOAD ./Drivers/STM32F4xx_HAL_Driver/Src/stm32f4xx_hal_sd.o
LOAD ./Drivers/STM32F4xx_HAL_Driver/Src/stm32f4xx_hal_tim.o
LOAD ./Drivers/STM32F4xx_HAL_Driver/Src/stm32f4xx_hal_tim_ex.o
LOAD ./Drivers/STM32F4xx_HAL_Driver/Src/stm32f4xx_hal_uart.o
LOAD ./Drivers/STM32F4xx_HAL_Driver/Src/stm32f4xx_ll_sdmmc.o
LOAD ./FATFS/App/fatfs.o
LOAD ./FATFS/Target/bsp_driver_sd.o
LOAD ./FATFS/Target/fatfs_platform.o
LOAD ./FATFS/Target/sd_diskio.o
LOAD ./Middlewares/Third_Party/FatFs/src/diskio.o
LOAD ./Middlewares/Third_Party/FatFs/src/ff.o
LOAD ./Middlewares/Third_Party/FatFs/src/ff_gen_drv.o
LOAD ./Middlewares/Third_Party/FatFs/src/option/cc936.o
LOAD ./Middlewares/Third_Party/FatFs/src/option/syscall.o
LOAD ./Middlewares/Third_Party/FreeRTOS/Source/CMSIS_RTOS_V2/cmsis_os2.o
LOAD ./Middlewares/Third_Party/FreeRTOS/Source/croutine.o
LOAD ./Middlewares/Third_Party/FreeRTOS/Source/event_groups.o
LOAD ./Middlewares/Third_Party/FreeRTOS/Source/list.o
LOAD ./Middlewares/Third_Party/FreeRTOS/Source/queue.o
LOAD ./Middlewares/Third_Party/FreeRTOS/Source/stream_buffer.o
LOAD ./Middlewares/Third_Party/FreeRTOS/Source/tasks.o
LOAD ./Middlewares/Third_Party/FreeRTOS/Source/timers.o
LOAD ./Middlewares/Third_Party/FreeRTOS/Source/portable/GCC/ARM_CM4F/port.o
LOAD ./Middlewares/Third_Party/FreeRTOS/Source/portable/MemMang/heap_4.o
START GROUP
LOAD E:/ST/STM32CubeIDE_1.18.0/STM32CubeIDE/plugins/com.st.stm32cube.ide.mcu.externaltools.gnu-tools-for-stm32.13.3.rel1.win32_1.0.0.202411081344/tools/bin/../lib/gcc/arm-none-eabi/13.3.1/../../../../arm-none-eabi/lib/thumb/v7e-m+fp/hard\libc_nano.a
LOAD E:/ST/STM32CubeIDE_1.18.0/STM32CubeIDE/plugins/com.st.stm32cube.ide.mcu.externaltools.gnu-tools-for-stm32.13.3.rel1.win32_1.0.0.202411081344/tools/bin/../lib/gcc/arm-none-eabi/13.3.1/../../../../arm-none-eabi/lib/thumb/v7e-m+fp/hard\libm.a
END GROUP
START GROUP
LOAD E:/ST/STM32CubeIDE_1.18.0/STM32CubeIDE/plugins/com.st.stm32cube.ide.mcu.externaltools.gnu-tools-for-stm32.13.3.rel1.win32_1.0.0.202411081344/tools/bin/../lib/gcc/arm-none-eabi/13.3.1/thumb/v7e-m+fp/hard\libgcc.a
LOAD E:/ST/STM32CubeIDE_1.18.0/STM32CubeIDE/plugins/com.st.stm32cube.ide.mcu.externaltools.gnu-tools-for-stm32.13.3.rel1.win32_1.0.0.202411081344/tools/bin/../lib/gcc/arm-none-eabi/13.3.1/../../../../arm-none-eabi/lib/thumb/v7e-m+fp/hard\libc_nano.a
END GROUP
START GROUP
LOAD E:/ST/STM32CubeIDE_1.18.0/STM32CubeIDE/plugins/com.st.stm32cube.ide.mcu.externaltools.gnu-tools-for-stm32.13.3.rel1.win32_1.0.0.202411081344/tools/bin/../lib/gcc/arm-none-eabi/13.3.1/thumb/v7e-m+fp/hard\libgcc.a
LOAD E:/ST/STM32CubeIDE_1.18.0/STM32CubeIDE/plugins/com.st.stm32cube.ide.mcu.externaltools.gnu-tools-for-stm32.13.3.rel1.win32_1.0.0.202411081344/tools/bin/../lib/gcc/arm-none-eabi/13.3.1/../../../../arm-none-eabi/lib/thumb/v7e-m+fp/hard\libc_nano.a
LOAD E:/ST/STM32CubeIDE_1.18.0/STM32CubeIDE/plugins/com.st.stm32cube.ide.mcu.externaltools.gnu-tools-for-stm32.13.3.rel1.win32_1.0.0.202411081344/tools/bin/../lib/gcc/arm-none-eabi/13.3.1/../../../../arm-none-eabi/lib/thumb/v7e-m+fp/hard\libnosys.a
END GROUP
START GROUP
LOAD E:/ST/STM32CubeIDE_1.18.0/STM32CubeIDE/plugins/com.st.stm32cube.ide.mcu.externaltools.gnu-tools-for-stm32.13.3.rel1.win32_1.0.0.202411081344/tools/bin/../lib/gcc/arm-none-eabi/13.3.1/thumb/v7e-m+fp/hard\libgcc.a
LOAD E:/ST/STM32CubeIDE_1.18.0/STM32CubeIDE/plugins/com.st.stm32cube.ide.mcu.externaltools.gnu-tools-for-stm32.13.3.rel1.win32_1.0.0.202411081344/tools/bin/../lib/gcc/arm-none-eabi/13.3.1/../../../../arm-none-eabi/lib/thumb/v7e-m+fp/hard\libc_nano.a
LOAD E:/ST/STM32CubeIDE_1.18.0/STM32CubeIDE/plugins/com.st.stm32cube.ide.mcu.externaltools.gnu-tools-for-stm32.13.3.rel1.win32_1.0.0.202411081344/tools/bin/../lib/gcc/arm-none-eabi/13.3.1/../../../../arm-none-eabi/lib/thumb/v7e-m+fp/hard\libnosys.a
END GROUP
LOAD E:/ST/STM32CubeIDE_1.18.0/STM32CubeIDE/plugins/com.st.stm32cube.ide.mcu.externaltools.gnu-tools-for-stm32.13.3.rel1.win32_1.0.0.202411081344/tools/bin/../lib/gcc/arm-none-eabi/13.3.1/thumb/v7e-m+fp/hard/crtend.o
LOAD E:/ST/STM32CubeIDE_1.18.0/STM32CubeIDE/plugins/com.st.stm32cube.ide.mcu.externaltools.gnu-tools-for-stm32.13.3.rel1.win32_1.0.0.202411081344/tools/bin/../lib/gcc/arm-none-eabi/13.3.1/thumb/v7e-m+fp/hard/crtn.o
                0x20020000                        _estack = (ORIGIN (RAM) + LENGTH (RAM))
                0x00004000                        _Min_Heap_Size = 0x4000
                0x00006000                        _Min_Stack_Size = 0x6000

.isr_vector     0x08000000      0x188
                0x08000000                        . = ALIGN (0x4)
 *(.isr_vector)
 .isr_vector    0x08000000      0x188 ./Core/Startup/startup_stm32f407vetx.o
                0x08000000                g_pfnVectors
                0x08000188                        . = ALIGN (0x4)

.text           0x08000190     0xead0
                0x08000190                        . = ALIGN (0x4)
 *(.text)
 .text          0x08000190       0x40 E:/ST/STM32CubeIDE_1.18.0/STM32CubeIDE/plugins/com.st.stm32cube.ide.mcu.externaltools.gnu-tools-for-stm32.13.3.rel1.win32_1.0.0.202411081344/tools/bin/../lib/gcc/arm-none-eabi/13.3.1/thumb/v7e-m+fp/hard/crtbegin.o
 .text          0x080001d0       0xa0 E:/ST/STM32CubeIDE_1.18.0/STM32CubeIDE/plugins/com.st.stm32cube.ide.mcu.externaltools.gnu-tools-for-stm32.13.3.rel1.win32_1.0.0.202411081344/tools/bin/../lib/gcc/arm-none-eabi/13.3.1/../../../../arm-none-eabi/lib/thumb/v7e-m+fp/hard\libc_nano.a(libc_a-memchr.o)
                0x080001d0                memchr
 .text          0x08000270       0x30 E:/ST/STM32CubeIDE_1.18.0/STM32CubeIDE/plugins/com.st.stm32cube.ide.mcu.externaltools.gnu-tools-for-stm32.13.3.rel1.win32_1.0.0.202411081344/tools/bin/../lib/gcc/arm-none-eabi/13.3.1/thumb/v7e-m+fp/hard\libgcc.a(_aeabi_uldivmod.o)
                0x08000270                __aeabi_uldivmod
 .text          0x080002a0      0x2f8 E:/ST/STM32CubeIDE_1.18.0/STM32CubeIDE/plugins/com.st.stm32cube.ide.mcu.externaltools.gnu-tools-for-stm32.13.3.rel1.win32_1.0.0.202411081344/tools/bin/../lib/gcc/arm-none-eabi/13.3.1/thumb/v7e-m+fp/hard\libgcc.a(_udivmoddi4.o)
                0x080002a0                __udivmoddi4
 .text          0x08000598        0x4 E:/ST/STM32CubeIDE_1.18.0/STM32CubeIDE/plugins/com.st.stm32cube.ide.mcu.externaltools.gnu-tools-for-stm32.13.3.rel1.win32_1.0.0.202411081344/tools/bin/../lib/gcc/arm-none-eabi/13.3.1/thumb/v7e-m+fp/hard\libgcc.a(_dvmd_tls.o)
                0x08000598                __aeabi_idiv0
                0x08000598                __aeabi_ldiv0
 *(.text*)
 .text.MX_DMA_Init
                0x0800059c       0x7c ./Core/Src/dma.o
                0x0800059c                MX_DMA_Init
 .text.initFileManager
                0x08000618       0x70 ./Core/Src/filemanager.o
                0x08000618                initFileManager
 .text.ListFiles
                0x08000688       0xec ./Core/Src/filemanager.o
                0x08000688                ListFiles
 .text.SDCard_ShowInfo
                0x08000774       0xc0 ./Core/Src/filemanager.o
                0x08000774                SDCard_ShowInfo
 .text.MX_FREERTOS_Init
                0x08000834       0x3c ./Core/Src/freertos.o
                0x08000834                MX_FREERTOS_Init
 .text.StartDefaultTask
                0x08000870       0x74 ./Core/Src/freertos.o
                0x08000870                StartDefaultTask
 .text.HAL_I2S_TxCpltCallback
                0x080008e4       0x20 ./Core/Src/freertos.o
                0x080008e4                HAL_I2S_TxCpltCallback
 .text.readAndPlayNextBuffer
                0x08000904       0x64 ./Core/Src/freertos.o
                0x08000904                readAndPlayNextBuffer
 .text.MX_GPIO_Init
                0x08000968       0xcc ./Core/Src/gpio.o
                0x08000968                MX_GPIO_Init
 .text.MX_I2S2_Init
                0x08000a34       0x5c ./Core/Src/i2s.o
                0x08000a34                MX_I2S2_Init
 .text.HAL_I2S_MspInit
                0x08000a90      0x178 ./Core/Src/i2s.o
                0x08000a90                HAL_I2S_MspInit
 .text.__io_putchar
                0x08000c08       0x24 ./Core/Src/main.o
                0x08000c08                __io_putchar
 .text.__io_getchar
                0x08000c2c       0x2c ./Core/Src/main.o
                0x08000c2c                __io_getchar
 .text.main     0x08000c58       0x40 ./Core/Src/main.o
                0x08000c58                main
 .text.SystemClock_Config
                0x08000c98       0xd4 ./Core/Src/main.o
                0x08000c98                SystemClock_Config
 .text.HAL_TIM_PeriodElapsedCallback
                0x08000d6c       0x24 ./Core/Src/main.o
                0x08000d6c                HAL_TIM_PeriodElapsedCallback
 .text.Error_Handler
                0x08000d90        0xc ./Core/Src/main.o
                0x08000d90                Error_Handler
 .text.MX_SDIO_SD_Init
                0x08000d9c       0x48 ./Core/Src/sdio.o
                0x08000d9c                MX_SDIO_SD_Init
 .text.HAL_SD_MspInit
                0x08000de4      0x1e4 ./Core/Src/sdio.o
                0x08000de4                HAL_SD_MspInit
 .text.HAL_MspInit
                0x08000fc8       0x58 ./Core/Src/stm32f4xx_hal_msp.o
                0x08000fc8                HAL_MspInit
 .text.HAL_InitTick
                0x08001020       0xf8 ./Core/Src/stm32f4xx_hal_timebase_tim.o
                0x08001020                HAL_InitTick
 .text.NMI_Handler
                0x08001118        0x8 ./Core/Src/stm32f4xx_it.o
                0x08001118                NMI_Handler
 .text.HardFault_Handler
                0x08001120        0x8 ./Core/Src/stm32f4xx_it.o
                0x08001120                HardFault_Handler
 .text.MemManage_Handler
                0x08001128        0x8 ./Core/Src/stm32f4xx_it.o
                0x08001128                MemManage_Handler
 .text.BusFault_Handler
                0x08001130        0x8 ./Core/Src/stm32f4xx_it.o
                0x08001130                BusFault_Handler
 .text.UsageFault_Handler
                0x08001138        0x8 ./Core/Src/stm32f4xx_it.o
                0x08001138                UsageFault_Handler
 .text.DebugMon_Handler
                0x08001140        0xe ./Core/Src/stm32f4xx_it.o
                0x08001140                DebugMon_Handler
 *fill*         0x0800114e        0x2 
 .text.DMA1_Stream4_IRQHandler
                0x08001150       0x14 ./Core/Src/stm32f4xx_it.o
                0x08001150                DMA1_Stream4_IRQHandler
 .text.SPI2_IRQHandler
                0x08001164       0x14 ./Core/Src/stm32f4xx_it.o
                0x08001164                SPI2_IRQHandler
 .text.SDIO_IRQHandler
                0x08001178       0x14 ./Core/Src/stm32f4xx_it.o
                0x08001178                SDIO_IRQHandler
 .text.TIM6_DAC_IRQHandler
                0x0800118c       0x14 ./Core/Src/stm32f4xx_it.o
                0x0800118c                TIM6_DAC_IRQHandler
 .text.DMA2_Stream3_IRQHandler
                0x080011a0       0x14 ./Core/Src/stm32f4xx_it.o
                0x080011a0                DMA2_Stream3_IRQHandler
 .text.DMA2_Stream6_IRQHandler
                0x080011b4       0x14 ./Core/Src/stm32f4xx_it.o
                0x080011b4                DMA2_Stream6_IRQHandler
 .text._read    0x080011c8       0x3a ./Core/Src/syscalls.o
                0x080011c8                _read
 .text._write   0x08001202       0x38 ./Core/Src/syscalls.o
                0x08001202                _write
 .text._close   0x0800123a       0x18 ./Core/Src/syscalls.o
                0x0800123a                _close
 .text._fstat   0x08001252       0x20 ./Core/Src/syscalls.o
                0x08001252                _fstat
 .text._isatty  0x08001272       0x16 ./Core/Src/syscalls.o
                0x08001272                _isatty
 .text._lseek   0x08001288       0x1a ./Core/Src/syscalls.o
                0x08001288                _lseek
 *fill*         0x080012a2        0x2 
 .text._sbrk    0x080012a4       0x6c ./Core/Src/sysmem.o
                0x080012a4                _sbrk
 .text.SystemInit
                0x08001310       0x24 ./Core/Src/system_stm32f4xx.o
                0x08001310                SystemInit
 .text.MX_USART1_UART_Init
                0x08001334       0x54 ./Core/Src/usart.o
                0x08001334                MX_USART1_UART_Init
 .text.HAL_UART_MspInit
                0x08001388       0x90 ./Core/Src/usart.o
                0x08001388                HAL_UART_MspInit
 .text.Reset_Handler
                0x08001418       0x50 ./Core/Startup/startup_stm32f407vetx.o
                0x08001418                Reset_Handler
 .text.Default_Handler
                0x08001468        0x2 ./Core/Startup/startup_stm32f407vetx.o
                0x08001468                RTC_Alarm_IRQHandler
                0x08001468                HASH_RNG_IRQHandler
                0x08001468                EXTI2_IRQHandler
                0x08001468                TIM8_CC_IRQHandler
                0x08001468                TIM1_CC_IRQHandler
                0x08001468                DMA2_Stream5_IRQHandler
                0x08001468                DMA1_Stream5_IRQHandler
                0x08001468                PVD_IRQHandler
                0x08001468                TAMP_STAMP_IRQHandler
                0x08001468                CAN2_RX1_IRQHandler
                0x08001468                EXTI3_IRQHandler
                0x08001468                TIM8_TRG_COM_TIM14_IRQHandler
                0x08001468                TIM1_UP_TIM10_IRQHandler
                0x08001468                TIM8_UP_TIM13_IRQHandler
                0x08001468                I2C3_ER_IRQHandler
                0x08001468                EXTI0_IRQHandler
                0x08001468                I2C2_EV_IRQHandler
                0x08001468                DMA1_Stream2_IRQHandler
                0x08001468                CAN1_RX0_IRQHandler
                0x08001468                FPU_IRQHandler
                0x08001468                OTG_HS_WKUP_IRQHandler
                0x08001468                CAN2_SCE_IRQHandler
                0x08001468                DMA2_Stream2_IRQHandler
                0x08001468                SPI1_IRQHandler
                0x08001468                TIM1_BRK_TIM9_IRQHandler
                0x08001468                DCMI_IRQHandler
                0x08001468                CAN2_RX0_IRQHandler
                0x08001468                USART6_IRQHandler
                0x08001468                USART3_IRQHandler
                0x08001468                CAN1_RX1_IRQHandler
                0x08001468                UART5_IRQHandler
                0x08001468                DMA2_Stream0_IRQHandler
                0x08001468                TIM4_IRQHandler
                0x08001468                I2C1_EV_IRQHandler
                0x08001468                DMA1_Stream6_IRQHandler
                0x08001468                DMA1_Stream1_IRQHandler
                0x08001468                UART4_IRQHandler
                0x08001468                TIM3_IRQHandler
                0x08001468                RCC_IRQHandler
                0x08001468                TIM8_BRK_TIM12_IRQHandler
                0x08001468                Default_Handler
                0x08001468                EXTI15_10_IRQHandler
                0x08001468                ADC_IRQHandler
                0x08001468                DMA1_Stream7_IRQHandler
                0x08001468                TIM7_IRQHandler
                0x08001468                CAN2_TX_IRQHandler
                0x08001468                TIM5_IRQHandler
                0x08001468                DMA2_Stream7_IRQHandler
                0x08001468                I2C3_EV_IRQHandler
                0x08001468                EXTI9_5_IRQHandler
                0x08001468                RTC_WKUP_IRQHandler
                0x08001468                ETH_WKUP_IRQHandler
                0x08001468                OTG_HS_EP1_IN_IRQHandler
                0x08001468                DMA1_Stream0_IRQHandler
                0x08001468                CAN1_TX_IRQHandler
                0x08001468                EXTI4_IRQHandler
                0x08001468                FSMC_IRQHandler
                0x08001468                ETH_IRQHandler
                0x08001468                OTG_HS_EP1_OUT_IRQHandler
                0x08001468                WWDG_IRQHandler
                0x08001468                TIM2_IRQHandler
                0x08001468                OTG_FS_WKUP_IRQHandler
                0x08001468                TIM1_TRG_COM_TIM11_IRQHandler
                0x08001468                OTG_HS_IRQHandler
                0x08001468                EXTI1_IRQHandler
                0x08001468                USART2_IRQHandler
                0x08001468                I2C2_ER_IRQHandler
                0x08001468                DMA2_Stream1_IRQHandler
                0x08001468                CAN1_SCE_IRQHandler
                0x08001468                FLASH_IRQHandler
                0x08001468                DMA2_Stream4_IRQHandler
                0x08001468                USART1_IRQHandler
                0x08001468                OTG_FS_IRQHandler
                0x08001468                SPI3_IRQHandler
                0x08001468                I2C1_ER_IRQHandler
                0x08001468                DMA1_Stream3_IRQHandler
 *fill*         0x0800146a        0x2 
 .text.HAL_Init
                0x0800146c       0x44 ./Drivers/STM32F4xx_HAL_Driver/Src/stm32f4xx_hal.o
                0x0800146c                HAL_Init
 .text.HAL_IncTick
                0x080014b0       0x28 ./Drivers/STM32F4xx_HAL_Driver/Src/stm32f4xx_hal.o
                0x080014b0                HAL_IncTick
 .text.HAL_GetTick
                0x080014d8       0x18 ./Drivers/STM32F4xx_HAL_Driver/Src/stm32f4xx_hal.o
                0x080014d8                HAL_GetTick
 .text.HAL_Delay
                0x080014f0       0x48 ./Drivers/STM32F4xx_HAL_Driver/Src/stm32f4xx_hal.o
                0x080014f0                HAL_Delay
 .text.__NVIC_SetPriorityGrouping
                0x08001538       0x48 ./Drivers/STM32F4xx_HAL_Driver/Src/stm32f4xx_hal_cortex.o
 .text.__NVIC_GetPriorityGrouping
                0x08001580       0x1c ./Drivers/STM32F4xx_HAL_Driver/Src/stm32f4xx_hal_cortex.o
 .text.__NVIC_EnableIRQ
                0x0800159c       0x3c ./Drivers/STM32F4xx_HAL_Driver/Src/stm32f4xx_hal_cortex.o
 .text.__NVIC_SetPriority
                0x080015d8       0x54 ./Drivers/STM32F4xx_HAL_Driver/Src/stm32f4xx_hal_cortex.o
 .text.NVIC_EncodePriority
                0x0800162c       0x66 ./Drivers/STM32F4xx_HAL_Driver/Src/stm32f4xx_hal_cortex.o
 .text.HAL_NVIC_SetPriorityGrouping
                0x08001692       0x16 ./Drivers/STM32F4xx_HAL_Driver/Src/stm32f4xx_hal_cortex.o
                0x08001692                HAL_NVIC_SetPriorityGrouping
 .text.HAL_NVIC_SetPriority
                0x080016a8       0x38 ./Drivers/STM32F4xx_HAL_Driver/Src/stm32f4xx_hal_cortex.o
                0x080016a8                HAL_NVIC_SetPriority
 .text.HAL_NVIC_EnableIRQ
                0x080016e0       0x1c ./Drivers/STM32F4xx_HAL_Driver/Src/stm32f4xx_hal_cortex.o
                0x080016e0                HAL_NVIC_EnableIRQ
 .text.HAL_DMA_Init
                0x080016fc      0x15c ./Drivers/STM32F4xx_HAL_Driver/Src/stm32f4xx_hal_dma.o
                0x080016fc                HAL_DMA_Init
 .text.HAL_DMA_Start_IT
                0x08001858       0xb0 ./Drivers/STM32F4xx_HAL_Driver/Src/stm32f4xx_hal_dma.o
                0x08001858                HAL_DMA_Start_IT
 .text.HAL_DMA_Abort_IT
                0x08001908       0x44 ./Drivers/STM32F4xx_HAL_Driver/Src/stm32f4xx_hal_dma.o
                0x08001908                HAL_DMA_Abort_IT
 .text.HAL_DMA_IRQHandler
                0x0800194c      0x314 ./Drivers/STM32F4xx_HAL_Driver/Src/stm32f4xx_hal_dma.o
                0x0800194c                HAL_DMA_IRQHandler
 .text.HAL_DMA_GetError
                0x08001c60       0x18 ./Drivers/STM32F4xx_HAL_Driver/Src/stm32f4xx_hal_dma.o
                0x08001c60                HAL_DMA_GetError
 .text.DMA_SetConfig
                0x08001c78       0x5c ./Drivers/STM32F4xx_HAL_Driver/Src/stm32f4xx_hal_dma.o
 .text.DMA_CalcBaseAndBitshift
                0x08001cd4       0x6c ./Drivers/STM32F4xx_HAL_Driver/Src/stm32f4xx_hal_dma.o
 .text.DMA_CheckFifoParam
                0x08001d40       0xf8 ./Drivers/STM32F4xx_HAL_Driver/Src/stm32f4xx_hal_dma.o
 .text.HAL_GPIO_Init
                0x08001e38      0x338 ./Drivers/STM32F4xx_HAL_Driver/Src/stm32f4xx_hal_gpio.o
                0x08001e38                HAL_GPIO_Init
 .text.HAL_GPIO_ReadPin
                0x08002170       0x30 ./Drivers/STM32F4xx_HAL_Driver/Src/stm32f4xx_hal_gpio.o
                0x08002170                HAL_GPIO_ReadPin
 .text.HAL_I2S_Init
                0x080021a0      0x280 ./Drivers/STM32F4xx_HAL_Driver/Src/stm32f4xx_hal_i2s.o
                0x080021a0                HAL_I2S_Init
 .text.HAL_I2S_Transmit_DMA
                0x08002420      0x148 ./Drivers/STM32F4xx_HAL_Driver/Src/stm32f4xx_hal_i2s.o
                0x08002420                HAL_I2S_Transmit_DMA
 .text.HAL_I2S_IRQHandler
                0x08002568       0x18 ./Drivers/STM32F4xx_HAL_Driver/Src/stm32f4xx_hal_i2s.o
                0x08002568                HAL_I2S_IRQHandler
 .text.HAL_I2S_TxHalfCpltCallback
                0x08002580       0x14 ./Drivers/STM32F4xx_HAL_Driver/Src/stm32f4xx_hal_i2s.o
                0x08002580                HAL_I2S_TxHalfCpltCallback
 .text.HAL_I2S_RxCpltCallback
                0x08002594       0x14 ./Drivers/STM32F4xx_HAL_Driver/Src/stm32f4xx_hal_i2s.o
                0x08002594                HAL_I2S_RxCpltCallback
 .text.HAL_I2S_ErrorCallback
                0x080025a8       0x14 ./Drivers/STM32F4xx_HAL_Driver/Src/stm32f4xx_hal_i2s.o
                0x080025a8                HAL_I2S_ErrorCallback
 .text.I2S_DMATxCplt
                0x080025bc       0x42 ./Drivers/STM32F4xx_HAL_Driver/Src/stm32f4xx_hal_i2s.o
 .text.I2S_DMATxHalfCplt
                0x080025fe       0x1c ./Drivers/STM32F4xx_HAL_Driver/Src/stm32f4xx_hal_i2s.o
 .text.I2S_DMAError
                0x0800261a       0x4c ./Drivers/STM32F4xx_HAL_Driver/Src/stm32f4xx_hal_i2s.o
 .text.I2S_Transmit_IT
                0x08002666       0x5c ./Drivers/STM32F4xx_HAL_Driver/Src/stm32f4xx_hal_i2s.o
 .text.I2S_Receive_IT
                0x080026c2       0x5e ./Drivers/STM32F4xx_HAL_Driver/Src/stm32f4xx_hal_i2s.o
 .text.I2S_IRQHandler
                0x08002720      0x114 ./Drivers/STM32F4xx_HAL_Driver/Src/stm32f4xx_hal_i2s.o
 .text.HAL_I2SEx_FullDuplex_IRQHandler
                0x08002834      0x2a8 ./Drivers/STM32F4xx_HAL_Driver/Src/stm32f4xx_hal_i2s_ex.o
                0x08002834                HAL_I2SEx_FullDuplex_IRQHandler
 .text.HAL_I2SEx_TxRxCpltCallback
                0x08002adc       0x14 ./Drivers/STM32F4xx_HAL_Driver/Src/stm32f4xx_hal_i2s_ex.o
                0x08002adc                HAL_I2SEx_TxRxCpltCallback
 .text.I2SEx_TxISR_I2S
                0x08002af0       0x62 ./Drivers/STM32F4xx_HAL_Driver/Src/stm32f4xx_hal_i2s_ex.o
 *fill*         0x08002b52        0x2 
 .text.I2SEx_TxISR_I2SExt
                0x08002b54       0x98 ./Drivers/STM32F4xx_HAL_Driver/Src/stm32f4xx_hal_i2s_ex.o
 .text.I2SEx_RxISR_I2S
                0x08002bec       0x64 ./Drivers/STM32F4xx_HAL_Driver/Src/stm32f4xx_hal_i2s_ex.o
 .text.I2SEx_RxISR_I2SExt
                0x08002c50       0x98 ./Drivers/STM32F4xx_HAL_Driver/Src/stm32f4xx_hal_i2s_ex.o
 .text.HAL_RCC_OscConfig
                0x08002ce8      0x4f0 ./Drivers/STM32F4xx_HAL_Driver/Src/stm32f4xx_hal_rcc.o
                0x08002ce8                HAL_RCC_OscConfig
 .text.HAL_RCC_ClockConfig
                0x080031d8      0x1cc ./Drivers/STM32F4xx_HAL_Driver/Src/stm32f4xx_hal_rcc.o
                0x080031d8                HAL_RCC_ClockConfig
 .text.HAL_RCC_GetSysClockFreq
                0x080033a4      0x18c ./Drivers/STM32F4xx_HAL_Driver/Src/stm32f4xx_hal_rcc.o
                0x080033a4                HAL_RCC_GetSysClockFreq
 .text.HAL_RCC_GetHCLKFreq
                0x08003530       0x18 ./Drivers/STM32F4xx_HAL_Driver/Src/stm32f4xx_hal_rcc.o
                0x08003530                HAL_RCC_GetHCLKFreq
 .text.HAL_RCC_GetPCLK1Freq
                0x08003548       0x28 ./Drivers/STM32F4xx_HAL_Driver/Src/stm32f4xx_hal_rcc.o
                0x08003548                HAL_RCC_GetPCLK1Freq
 .text.HAL_RCC_GetPCLK2Freq
                0x08003570       0x28 ./Drivers/STM32F4xx_HAL_Driver/Src/stm32f4xx_hal_rcc.o
                0x08003570                HAL_RCC_GetPCLK2Freq
 .text.HAL_RCC_GetClockConfig
                0x08003598       0x64 ./Drivers/STM32F4xx_HAL_Driver/Src/stm32f4xx_hal_rcc.o
                0x08003598                HAL_RCC_GetClockConfig
 .text.HAL_RCCEx_PeriphCLKConfig
                0x080035fc      0x1c4 ./Drivers/STM32F4xx_HAL_Driver/Src/stm32f4xx_hal_rcc_ex.o
                0x080035fc                HAL_RCCEx_PeriphCLKConfig
 .text.HAL_RCCEx_GetPeriphCLKFreq
                0x080037c0       0xc0 ./Drivers/STM32F4xx_HAL_Driver/Src/stm32f4xx_hal_rcc_ex.o
                0x080037c0                HAL_RCCEx_GetPeriphCLKFreq
 .text.HAL_SD_Init
                0x08003880       0x60 ./Drivers/STM32F4xx_HAL_Driver/Src/stm32f4xx_hal_sd.o
                0x08003880                HAL_SD_Init
 .text.HAL_SD_InitCard
                0x080038e0       0xf0 ./Drivers/STM32F4xx_HAL_Driver/Src/stm32f4xx_hal_sd.o
                0x080038e0                HAL_SD_InitCard
 .text.HAL_SD_ReadBlocks_DMA
                0x080039d0      0x1c4 ./Drivers/STM32F4xx_HAL_Driver/Src/stm32f4xx_hal_sd.o
                0x080039d0                HAL_SD_ReadBlocks_DMA
 .text.HAL_SD_WriteBlocks_DMA
                0x08003b94      0x1cc ./Drivers/STM32F4xx_HAL_Driver/Src/stm32f4xx_hal_sd.o
                0x08003b94                HAL_SD_WriteBlocks_DMA
 .text.HAL_SD_IRQHandler
                0x08003d60      0x30c ./Drivers/STM32F4xx_HAL_Driver/Src/stm32f4xx_hal_sd.o
                0x08003d60                HAL_SD_IRQHandler
 .text.HAL_SD_ErrorCallback
                0x0800406c       0x14 ./Drivers/STM32F4xx_HAL_Driver/Src/stm32f4xx_hal_sd.o
                0x0800406c                HAL_SD_ErrorCallback
 .text.HAL_SD_GetCardCSD
                0x08004080      0x348 ./Drivers/STM32F4xx_HAL_Driver/Src/stm32f4xx_hal_sd.o
                0x08004080                HAL_SD_GetCardCSD
 .text.HAL_SD_GetCardInfo
                0x080043c8       0x58 ./Drivers/STM32F4xx_HAL_Driver/Src/stm32f4xx_hal_sd.o
                0x080043c8                HAL_SD_GetCardInfo
 .text.HAL_SD_ConfigWideBusOperation
                0x08004420      0x134 ./Drivers/STM32F4xx_HAL_Driver/Src/stm32f4xx_hal_sd.o
                0x08004420                HAL_SD_ConfigWideBusOperation
 .text.HAL_SD_GetCardState
                0x08004554       0x40 ./Drivers/STM32F4xx_HAL_Driver/Src/stm32f4xx_hal_sd.o
                0x08004554                HAL_SD_GetCardState
 .text.SD_DMATransmitCplt
                0x08004594       0x2a ./Drivers/STM32F4xx_HAL_Driver/Src/stm32f4xx_hal_sd.o
 .text.SD_DMAReceiveCplt
                0x080045be       0x70 ./Drivers/STM32F4xx_HAL_Driver/Src/stm32f4xx_hal_sd.o
 *fill*         0x0800462e        0x2 
 .text.SD_DMAError
                0x08004630       0xa4 ./Drivers/STM32F4xx_HAL_Driver/Src/stm32f4xx_hal_sd.o
 .text.SD_DMATxAbort
                0x080046d4       0x6e ./Drivers/STM32F4xx_HAL_Driver/Src/stm32f4xx_hal_sd.o
 .text.SD_DMARxAbort
                0x08004742       0x6e ./Drivers/STM32F4xx_HAL_Driver/Src/stm32f4xx_hal_sd.o
 .text.SD_InitCard
                0x080047b0      0x19c ./Drivers/STM32F4xx_HAL_Driver/Src/stm32f4xx_hal_sd.o
 .text.SD_PowerON
                0x0800494c      0x11c ./Drivers/STM32F4xx_HAL_Driver/Src/stm32f4xx_hal_sd.o
 .text.SD_SendStatus
                0x08004a68       0x50 ./Drivers/STM32F4xx_HAL_Driver/Src/stm32f4xx_hal_sd.o
 .text.SD_WideBus_Enable
                0x08004ab8       0x96 ./Drivers/STM32F4xx_HAL_Driver/Src/stm32f4xx_hal_sd.o
 .text.SD_WideBus_Disable
                0x08004b4e       0x96 ./Drivers/STM32F4xx_HAL_Driver/Src/stm32f4xx_hal_sd.o
 .text.SD_FindSCR
                0x08004be4      0x1b4 ./Drivers/STM32F4xx_HAL_Driver/Src/stm32f4xx_hal_sd.o
 .text.SD_Read_IT
                0x08004d98       0xa2 ./Drivers/STM32F4xx_HAL_Driver/Src/stm32f4xx_hal_sd.o
 .text.SD_Write_IT
                0x08004e3a       0xaa ./Drivers/STM32F4xx_HAL_Driver/Src/stm32f4xx_hal_sd.o
 .text.HAL_TIM_Base_Init
                0x08004ee4       0x9e ./Drivers/STM32F4xx_HAL_Driver/Src/stm32f4xx_hal_tim.o
                0x08004ee4                HAL_TIM_Base_Init
 .text.HAL_TIM_Base_MspInit
                0x08004f82       0x14 ./Drivers/STM32F4xx_HAL_Driver/Src/stm32f4xx_hal_tim.o
                0x08004f82                HAL_TIM_Base_MspInit
 *fill*         0x08004f96        0x2 
 .text.HAL_TIM_Base_Start_IT
                0x08004f98       0xe0 ./Drivers/STM32F4xx_HAL_Driver/Src/stm32f4xx_hal_tim.o
                0x08004f98                HAL_TIM_Base_Start_IT
 .text.HAL_TIM_IRQHandler
                0x08005078      0x1e0 ./Drivers/STM32F4xx_HAL_Driver/Src/stm32f4xx_hal_tim.o
                0x08005078                HAL_TIM_IRQHandler
 .text.HAL_TIM_OC_DelayElapsedCallback
                0x08005258       0x14 ./Drivers/STM32F4xx_HAL_Driver/Src/stm32f4xx_hal_tim.o
                0x08005258                HAL_TIM_OC_DelayElapsedCallback
 .text.HAL_TIM_IC_CaptureCallback
                0x0800526c       0x14 ./Drivers/STM32F4xx_HAL_Driver/Src/stm32f4xx_hal_tim.o
                0x0800526c                HAL_TIM_IC_CaptureCallback
 .text.HAL_TIM_PWM_PulseFinishedCallback
                0x08005280       0x14 ./Drivers/STM32F4xx_HAL_Driver/Src/stm32f4xx_hal_tim.o
                0x08005280                HAL_TIM_PWM_PulseFinishedCallback
 .text.HAL_TIM_TriggerCallback
                0x08005294       0x14 ./Drivers/STM32F4xx_HAL_Driver/Src/stm32f4xx_hal_tim.o
                0x08005294                HAL_TIM_TriggerCallback
 .text.TIM_Base_SetConfig
                0x080052a8      0x14c ./Drivers/STM32F4xx_HAL_Driver/Src/stm32f4xx_hal_tim.o
                0x080052a8                TIM_Base_SetConfig
 .text.HAL_TIMEx_CommutCallback
                0x080053f4       0x14 ./Drivers/STM32F4xx_HAL_Driver/Src/stm32f4xx_hal_tim_ex.o
                0x080053f4                HAL_TIMEx_CommutCallback
 .text.HAL_TIMEx_BreakCallback
                0x08005408       0x14 ./Drivers/STM32F4xx_HAL_Driver/Src/stm32f4xx_hal_tim_ex.o
                0x08005408                HAL_TIMEx_BreakCallback
 .text.HAL_UART_Init
                0x0800541c       0xa0 ./Drivers/STM32F4xx_HAL_Driver/Src/stm32f4xx_hal_uart.o
                0x0800541c                HAL_UART_Init
 .text.HAL_UART_Transmit
                0x080054bc      0x116 ./Drivers/STM32F4xx_HAL_Driver/Src/stm32f4xx_hal_uart.o
                0x080054bc                HAL_UART_Transmit
 .text.HAL_UART_Receive
                0x080055d2      0x12e ./Drivers/STM32F4xx_HAL_Driver/Src/stm32f4xx_hal_uart.o
                0x080055d2                HAL_UART_Receive
 .text.UART_WaitOnFlagUntilTimeout
                0x08005700       0xb2 ./Drivers/STM32F4xx_HAL_Driver/Src/stm32f4xx_hal_uart.o
 .text.UART_EndRxTransfer
                0x080057b2       0xc6 ./Drivers/STM32F4xx_HAL_Driver/Src/stm32f4xx_hal_uart.o
 .text.UART_SetConfig
                0x08005878      0x4e8 ./Drivers/STM32F4xx_HAL_Driver/Src/stm32f4xx_hal_uart.o
 .text.SDIO_Init
                0x08005d60       0x56 ./Drivers/STM32F4xx_HAL_Driver/Src/stm32f4xx_ll_sdmmc.o
                0x08005d60                SDIO_Init
 .text.SDIO_ReadFIFO
                0x08005db6       0x1a ./Drivers/STM32F4xx_HAL_Driver/Src/stm32f4xx_ll_sdmmc.o
                0x08005db6                SDIO_ReadFIFO
 .text.SDIO_WriteFIFO
                0x08005dd0       0x22 ./Drivers/STM32F4xx_HAL_Driver/Src/stm32f4xx_ll_sdmmc.o
                0x08005dd0                SDIO_WriteFIFO
 .text.SDIO_PowerState_ON
                0x08005df2       0x1c ./Drivers/STM32F4xx_HAL_Driver/Src/stm32f4xx_ll_sdmmc.o
                0x08005df2                SDIO_PowerState_ON
 .text.SDIO_GetPowerState
                0x08005e0e       0x1c ./Drivers/STM32F4xx_HAL_Driver/Src/stm32f4xx_ll_sdmmc.o
                0x08005e0e                SDIO_GetPowerState
 .text.SDIO_SendCommand
                0x08005e2a       0x54 ./Drivers/STM32F4xx_HAL_Driver/Src/stm32f4xx_ll_sdmmc.o
                0x08005e2a                SDIO_SendCommand
 .text.SDIO_GetCommandResponse
                0x08005e7e       0x1a ./Drivers/STM32F4xx_HAL_Driver/Src/stm32f4xx_ll_sdmmc.o
                0x08005e7e                SDIO_GetCommandResponse
 .text.SDIO_GetResponse
                0x08005e98       0x26 ./Drivers/STM32F4xx_HAL_Driver/Src/stm32f4xx_ll_sdmmc.o
                0x08005e98                SDIO_GetResponse
 .text.SDIO_ConfigData
                0x08005ebe       0x58 ./Drivers/STM32F4xx_HAL_Driver/Src/stm32f4xx_ll_sdmmc.o
                0x08005ebe                SDIO_ConfigData
 .text.SDMMC_CmdBlockLength
                0x08005f16       0x44 ./Drivers/STM32F4xx_HAL_Driver/Src/stm32f4xx_ll_sdmmc.o
                0x08005f16                SDMMC_CmdBlockLength
 .text.SDMMC_CmdReadSingleBlock
                0x08005f5a       0x44 ./Drivers/STM32F4xx_HAL_Driver/Src/stm32f4xx_ll_sdmmc.o
                0x08005f5a                SDMMC_CmdReadSingleBlock
 .text.SDMMC_CmdReadMultiBlock
                0x08005f9e       0x44 ./Drivers/STM32F4xx_HAL_Driver/Src/stm32f4xx_ll_sdmmc.o
                0x08005f9e                SDMMC_CmdReadMultiBlock
 .text.SDMMC_CmdWriteSingleBlock
                0x08005fe2       0x44 ./Drivers/STM32F4xx_HAL_Driver/Src/stm32f4xx_ll_sdmmc.o
                0x08005fe2                SDMMC_CmdWriteSingleBlock
 .text.SDMMC_CmdWriteMultiBlock
                0x08006026       0x44 ./Drivers/STM32F4xx_HAL_Driver/Src/stm32f4xx_ll_sdmmc.o
                0x08006026                SDMMC_CmdWriteMultiBlock
 *fill*         0x0800606a        0x2 
 .text.SDMMC_CmdStopTransfer
                0x0800606c       0x44 ./Drivers/STM32F4xx_HAL_Driver/Src/stm32f4xx_ll_sdmmc.o
                0x0800606c                SDMMC_CmdStopTransfer
 .text.SDMMC_CmdSelDesel
                0x080060b0       0x46 ./Drivers/STM32F4xx_HAL_Driver/Src/stm32f4xx_ll_sdmmc.o
                0x080060b0                SDMMC_CmdSelDesel
 .text.SDMMC_CmdGoIdleState
                0x080060f6       0x3c ./Drivers/STM32F4xx_HAL_Driver/Src/stm32f4xx_ll_sdmmc.o
                0x080060f6                SDMMC_CmdGoIdleState
 .text.SDMMC_CmdOperCond
                0x08006132       0x3e ./Drivers/STM32F4xx_HAL_Driver/Src/stm32f4xx_ll_sdmmc.o
                0x08006132                SDMMC_CmdOperCond
 .text.SDMMC_CmdAppCommand
                0x08006170       0x44 ./Drivers/STM32F4xx_HAL_Driver/Src/stm32f4xx_ll_sdmmc.o
                0x08006170                SDMMC_CmdAppCommand
 .text.SDMMC_CmdAppOperCommand
                0x080061b4       0x46 ./Drivers/STM32F4xx_HAL_Driver/Src/stm32f4xx_ll_sdmmc.o
                0x080061b4                SDMMC_CmdAppOperCommand
 .text.SDMMC_CmdBusWidth
                0x080061fa       0x44 ./Drivers/STM32F4xx_HAL_Driver/Src/stm32f4xx_ll_sdmmc.o
                0x080061fa                SDMMC_CmdBusWidth
 .text.SDMMC_CmdSendSCR
                0x0800623e       0x42 ./Drivers/STM32F4xx_HAL_Driver/Src/stm32f4xx_ll_sdmmc.o
                0x0800623e                SDMMC_CmdSendSCR
 .text.SDMMC_CmdSendCID
                0x08006280       0x3c ./Drivers/STM32F4xx_HAL_Driver/Src/stm32f4xx_ll_sdmmc.o
                0x08006280                SDMMC_CmdSendCID
 .text.SDMMC_CmdSendCSD
                0x080062bc       0x3e ./Drivers/STM32F4xx_HAL_Driver/Src/stm32f4xx_ll_sdmmc.o
                0x080062bc                SDMMC_CmdSendCSD
 .text.SDMMC_CmdSetRelAdd
                0x080062fa       0x42 ./Drivers/STM32F4xx_HAL_Driver/Src/stm32f4xx_ll_sdmmc.o
                0x080062fa                SDMMC_CmdSetRelAdd
 .text.SDMMC_CmdSendStatus
                0x0800633c       0x44 ./Drivers/STM32F4xx_HAL_Driver/Src/stm32f4xx_ll_sdmmc.o
                0x0800633c                SDMMC_CmdSendStatus
 .text.SDMMC_GetCmdResp1
                0x08006380      0x1dc ./Drivers/STM32F4xx_HAL_Driver/Src/stm32f4xx_ll_sdmmc.o
                0x08006380                SDMMC_GetCmdResp1
 .text.SDMMC_GetCmdResp2
                0x0800655c       0x90 ./Drivers/STM32F4xx_HAL_Driver/Src/stm32f4xx_ll_sdmmc.o
                0x0800655c                SDMMC_GetCmdResp2
 .text.SDMMC_GetCmdResp3
                0x080065ec       0x7c ./Drivers/STM32F4xx_HAL_Driver/Src/stm32f4xx_ll_sdmmc.o
                0x080065ec                SDMMC_GetCmdResp3
 .text.SDMMC_GetCmdResp6
                0x08006668       0xec ./Drivers/STM32F4xx_HAL_Driver/Src/stm32f4xx_ll_sdmmc.o
                0x08006668                SDMMC_GetCmdResp6
 .text.SDMMC_GetCmdResp7
                0x08006754       0x9c ./Drivers/STM32F4xx_HAL_Driver/Src/stm32f4xx_ll_sdmmc.o
                0x08006754                SDMMC_GetCmdResp7
 .text.SDMMC_GetCmdError
                0x080067f0       0x58 ./Drivers/STM32F4xx_HAL_Driver/Src/stm32f4xx_ll_sdmmc.o
 .text.MX_FATFS_Init
                0x08006848       0x24 ./FATFS/App/fatfs.o
                0x08006848                MX_FATFS_Init
 .text.get_fattime
                0x0800686c       0x10 ./FATFS/App/fatfs.o
                0x0800686c                get_fattime
 .text.BSP_SD_Init
                0x0800687c       0x4c ./FATFS/Target/bsp_driver_sd.o
                0x0800687c                BSP_SD_Init
 .text.BSP_SD_ReadBlocks_DMA
                0x080068c8       0x34 ./FATFS/Target/bsp_driver_sd.o
                0x080068c8                BSP_SD_ReadBlocks_DMA
 .text.BSP_SD_WriteBlocks_DMA
                0x080068fc       0x34 ./FATFS/Target/bsp_driver_sd.o
                0x080068fc                BSP_SD_WriteBlocks_DMA
 .text.BSP_SD_GetCardState
                0x08006930       0x20 ./FATFS/Target/bsp_driver_sd.o
                0x08006930                BSP_SD_GetCardState
 .text.BSP_SD_GetCardInfo
                0x08006950       0x1c ./FATFS/Target/bsp_driver_sd.o
                0x08006950                BSP_SD_GetCardInfo
 .text.HAL_SD_AbortCallback
                0x0800696c       0x14 ./FATFS/Target/bsp_driver_sd.o
                0x0800696c                HAL_SD_AbortCallback
 .text.HAL_SD_TxCpltCallback
                0x08006980       0x14 ./FATFS/Target/bsp_driver_sd.o
                0x08006980                HAL_SD_TxCpltCallback
 .text.HAL_SD_RxCpltCallback
                0x08006994       0x14 ./FATFS/Target/bsp_driver_sd.o
                0x08006994                HAL_SD_RxCpltCallback
 .text.BSP_SD_AbortCallback
                0x080069a8        0xe ./FATFS/Target/bsp_driver_sd.o
                0x080069a8                BSP_SD_AbortCallback
 .text.BSP_SD_IsDetected
                0x080069b6       0x24 ./FATFS/Target/bsp_driver_sd.o
                0x080069b6                BSP_SD_IsDetected
 *fill*         0x080069da        0x2 
 .text.BSP_PlatformIsDetected
                0x080069dc       0x2c ./FATFS/Target/fatfs_platform.o
                0x080069dc                BSP_PlatformIsDetected
 .text.SD_CheckStatusWithTimeout
                0x08006a08       0x3a ./FATFS/Target/sd_diskio.o
 *fill*         0x08006a42        0x2 
 .text.SD_CheckStatus
                0x08006a44       0x3c ./FATFS/Target/sd_diskio.o
 .text.SD_initialize
                0x08006a80       0x84 ./FATFS/Target/sd_diskio.o
                0x08006a80                SD_initialize
 .text.SD_status
                0x08006b04       0x1c ./FATFS/Target/sd_diskio.o
                0x08006b04                SD_status
 .text.SD_read  0x08006b20       0x94 ./FATFS/Target/sd_diskio.o
                0x08006b20                SD_read
 .text.SD_write
                0x08006bb4       0x90 ./FATFS/Target/sd_diskio.o
                0x08006bb4                SD_write
 .text.SD_ioctl
                0x08006c44       0xb0 ./FATFS/Target/sd_diskio.o
                0x08006c44                SD_ioctl
 .text.BSP_SD_WriteCpltCallback
                0x08006cf4       0x24 ./FATFS/Target/sd_diskio.o
                0x08006cf4                BSP_SD_WriteCpltCallback
 .text.BSP_SD_ReadCpltCallback
                0x08006d18       0x24 ./FATFS/Target/sd_diskio.o
                0x08006d18                BSP_SD_ReadCpltCallback
 .text.disk_status
                0x08006d3c       0x34 ./Middlewares/Third_Party/FatFs/src/diskio.o
                0x08006d3c                disk_status
 .text.disk_initialize
                0x08006d70       0x50 ./Middlewares/Third_Party/FatFs/src/diskio.o
                0x08006d70                disk_initialize
 .text.disk_read
                0x08006dc0       0x40 ./Middlewares/Third_Party/FatFs/src/diskio.o
                0x08006dc0                disk_read
 .text.disk_write
                0x08006e00       0x40 ./Middlewares/Third_Party/FatFs/src/diskio.o
                0x08006e00                disk_write
 .text.ld_word  0x08006e40       0x32 ./Middlewares/Third_Party/FatFs/src/ff.o
 .text.ld_dword
                0x08006e72       0x46 ./Middlewares/Third_Party/FatFs/src/ff.o
 .text.st_word  0x08006eb8       0x36 ./Middlewares/Third_Party/FatFs/src/ff.o
 .text.st_dword
                0x08006eee       0x58 ./Middlewares/Third_Party/FatFs/src/ff.o
 .text.mem_cpy  0x08006f46       0x42 ./Middlewares/Third_Party/FatFs/src/ff.o
 .text.mem_set  0x08006f88       0x36 ./Middlewares/Third_Party/FatFs/src/ff.o
 .text.mem_cmp  0x08006fbe       0x4e ./Middlewares/Third_Party/FatFs/src/ff.o
 .text.chk_chr  0x0800700c       0x36 ./Middlewares/Third_Party/FatFs/src/ff.o
 .text.lock_fs  0x08007042       0x2c ./Middlewares/Third_Party/FatFs/src/ff.o
 .text.unlock_fs
                0x0800706e       0x36 ./Middlewares/Third_Party/FatFs/src/ff.o
 .text.chk_lock
                0x080070a4       0xb8 ./Middlewares/Third_Party/FatFs/src/ff.o
 .text.enq_lock
                0x0800715c       0x44 ./Middlewares/Third_Party/FatFs/src/ff.o
 .text.inc_lock
                0x080071a0      0x11c ./Middlewares/Third_Party/FatFs/src/ff.o
 .text.dec_lock
                0x080072bc       0x78 ./Middlewares/Third_Party/FatFs/src/ff.o
 .text.clear_lock
                0x08007334       0x48 ./Middlewares/Third_Party/FatFs/src/ff.o
 .text.sync_window
                0x0800737c       0x88 ./Middlewares/Third_Party/FatFs/src/ff.o
 .text.move_window
                0x08007404       0x5a ./Middlewares/Third_Party/FatFs/src/ff.o
 .text.clust2sect
                0x0800745e       0x3e ./Middlewares/Third_Party/FatFs/src/ff.o
 .text.get_fat  0x0800749c      0x14e ./Middlewares/Third_Party/FatFs/src/ff.o
 .text.put_fat  0x080075ea      0x1d4 ./Middlewares/Third_Party/FatFs/src/ff.o
 .text.remove_chain
                0x080077be       0xca ./Middlewares/Third_Party/FatFs/src/ff.o
 .text.create_chain
                0x08007888      0x130 ./Middlewares/Third_Party/FatFs/src/ff.o
 .text.clmt_clust
                0x080079b8       0x68 ./Middlewares/Third_Party/FatFs/src/ff.o
 .text.dir_sdi  0x08007a20       0xf6 ./Middlewares/Third_Party/FatFs/src/ff.o
 .text.dir_next
                0x08007b16      0x18a ./Middlewares/Third_Party/FatFs/src/ff.o
 .text.dir_alloc
                0x08007ca0       0x8e ./Middlewares/Third_Party/FatFs/src/ff.o
 .text.ld_clust
                0x08007d2e       0x3e ./Middlewares/Third_Party/FatFs/src/ff.o
 .text.st_clust
                0x08007d6c       0x40 ./Middlewares/Third_Party/FatFs/src/ff.o
 .text.cmp_lfn  0x08007dac       0xe0 ./Middlewares/Third_Party/FatFs/src/ff.o
 .text.pick_lfn
                0x08007e8c       0xc8 ./Middlewares/Third_Party/FatFs/src/ff.o
 .text.put_lfn  0x08007f54       0xd0 ./Middlewares/Third_Party/FatFs/src/ff.o
 .text.gen_numname
                0x08008024      0x148 ./Middlewares/Third_Party/FatFs/src/ff.o
 .text.sum_sfn  0x0800816c       0x42 ./Middlewares/Third_Party/FatFs/src/ff.o
 .text.dir_read
                0x080081ae      0x14e ./Middlewares/Third_Party/FatFs/src/ff.o
 .text.dir_find
                0x080082fc      0x180 ./Middlewares/Third_Party/FatFs/src/ff.o
 .text.dir_register
                0x0800847c      0x1f0 ./Middlewares/Third_Party/FatFs/src/ff.o
 .text.get_fileinfo
                0x0800866c      0x1d8 ./Middlewares/Third_Party/FatFs/src/ff.o
 .text.create_name
                0x08008844      0x3f4 ./Middlewares/Third_Party/FatFs/src/ff.o
 .text.follow_path
                0x08008c38       0xe2 ./Middlewares/Third_Party/FatFs/src/ff.o
 .text.get_ldnumber
                0x08008d1a       0x88 ./Middlewares/Third_Party/FatFs/src/ff.o
 *fill*         0x08008da2        0x2 
 .text.check_fs
                0x08008da4       0xac ./Middlewares/Third_Party/FatFs/src/ff.o
 .text.find_volume
                0x08008e50      0x4a8 ./Middlewares/Third_Party/FatFs/src/ff.o
 .text.validate
                0x080092f8       0x8e ./Middlewares/Third_Party/FatFs/src/ff.o
 *fill*         0x08009386        0x2 
 .text.f_mount  0x08009388       0xc8 ./Middlewares/Third_Party/FatFs/src/ff.o
                0x08009388                f_mount
 .text.f_open   0x08009450      0x576 ./Middlewares/Third_Party/FatFs/src/ff.o
                0x08009450                f_open
 .text.f_read   0x080099c6      0x2dc ./Middlewares/Third_Party/FatFs/src/ff.o
                0x080099c6                f_read
 .text.f_opendir
                0x08009ca2      0x18a ./Middlewares/Third_Party/FatFs/src/ff.o
                0x08009ca2                f_opendir
 .text.f_closedir
                0x08009e2c       0x56 ./Middlewares/Third_Party/FatFs/src/ff.o
                0x08009e2c                f_closedir
 .text.f_readdir
                0x08009e82       0xf6 ./Middlewares/Third_Party/FatFs/src/ff.o
                0x08009e82                f_readdir
 .text.FATFS_LinkDriverEx
                0x08009f78       0x98 ./Middlewares/Third_Party/FatFs/src/ff_gen_drv.o
                0x08009f78                FATFS_LinkDriverEx
 .text.FATFS_LinkDriver
                0x0800a010       0x1e ./Middlewares/Third_Party/FatFs/src/ff_gen_drv.o
                0x0800a010                FATFS_LinkDriver
 *fill*         0x0800a02e        0x2 
 .text.ff_convert
                0x0800a030       0xbc ./Middlewares/Third_Party/FatFs/src/option/cc936.o
                0x0800a030                ff_convert
 .text.ff_wtoupper
                0x0800a0ec      0x114 ./Middlewares/Third_Party/FatFs/src/option/cc936.o
                0x0800a0ec                ff_wtoupper
 .text.ff_cre_syncobj
                0x0800a200       0x36 ./Middlewares/Third_Party/FatFs/src/option/syscall.o
                0x0800a200                ff_cre_syncobj
 .text.ff_del_syncobj
                0x0800a236       0x18 ./Middlewares/Third_Party/FatFs/src/option/syscall.o
                0x0800a236                ff_del_syncobj
 .text.ff_req_grant
                0x0800a24e       0x2a ./Middlewares/Third_Party/FatFs/src/option/syscall.o
                0x0800a24e                ff_req_grant
 .text.ff_rel_grant
                0x0800a278       0x16 ./Middlewares/Third_Party/FatFs/src/option/syscall.o
                0x0800a278                ff_rel_grant
 *fill*         0x0800a28e        0x2 
 .text.__NVIC_SetPriority
                0x0800a290       0x54 ./Middlewares/Third_Party/FreeRTOS/Source/CMSIS_RTOS_V2/cmsis_os2.o
 .text.SysTick_Handler
                0x0800a2e4       0x20 ./Middlewares/Third_Party/FreeRTOS/Source/CMSIS_RTOS_V2/cmsis_os2.o
                0x0800a2e4                SysTick_Handler
 .text.SVC_Setup
                0x0800a304       0x12 ./Middlewares/Third_Party/FreeRTOS/Source/CMSIS_RTOS_V2/cmsis_os2.o
 *fill*         0x0800a316        0x2 
 .text.osKernelInitialize
                0x0800a318       0x48 ./Middlewares/Third_Party/FreeRTOS/Source/CMSIS_RTOS_V2/cmsis_os2.o
                0x0800a318                osKernelInitialize
 .text.osKernelGetState
                0x0800a360       0x44 ./Middlewares/Third_Party/FreeRTOS/Source/CMSIS_RTOS_V2/cmsis_os2.o
                0x0800a360                osKernelGetState
 .text.osKernelStart
                0x0800a3a4       0x4c ./Middlewares/Third_Party/FreeRTOS/Source/CMSIS_RTOS_V2/cmsis_os2.o
                0x0800a3a4                osKernelStart
 .text.osKernelGetTickCount
                0x0800a3f0       0x2a ./Middlewares/Third_Party/FreeRTOS/Source/CMSIS_RTOS_V2/cmsis_os2.o
                0x0800a3f0                osKernelGetTickCount
 .text.osThreadNew
                0x0800a41a      0x124 ./Middlewares/Third_Party/FreeRTOS/Source/CMSIS_RTOS_V2/cmsis_os2.o
                0x0800a41a                osThreadNew
 .text.osDelay  0x0800a53e       0x36 ./Middlewares/Third_Party/FreeRTOS/Source/CMSIS_RTOS_V2/cmsis_os2.o
                0x0800a53e                osDelay
 .text.osSemaphoreNew
                0x0800a574      0x112 ./Middlewares/Third_Party/FreeRTOS/Source/CMSIS_RTOS_V2/cmsis_os2.o
                0x0800a574                osSemaphoreNew
 *fill*         0x0800a686        0x2 
 .text.osSemaphoreAcquire
                0x0800a688       0xa4 ./Middlewares/Third_Party/FreeRTOS/Source/CMSIS_RTOS_V2/cmsis_os2.o
                0x0800a688                osSemaphoreAcquire
 .text.osSemaphoreRelease
                0x0800a72c       0x88 ./Middlewares/Third_Party/FreeRTOS/Source/CMSIS_RTOS_V2/cmsis_os2.o
                0x0800a72c                osSemaphoreRelease
 .text.osSemaphoreDelete
                0x0800a7b4       0x48 ./Middlewares/Third_Party/FreeRTOS/Source/CMSIS_RTOS_V2/cmsis_os2.o
                0x0800a7b4                osSemaphoreDelete
 .text.osMessageQueueNew
                0x0800a7fc       0xe6 ./Middlewares/Third_Party/FreeRTOS/Source/CMSIS_RTOS_V2/cmsis_os2.o
                0x0800a7fc                osMessageQueueNew
 *fill*         0x0800a8e2        0x2 
 .text.osMessageQueuePut
                0x0800a8e4       0xc0 ./Middlewares/Third_Party/FreeRTOS/Source/CMSIS_RTOS_V2/cmsis_os2.o
                0x0800a8e4                osMessageQueuePut
 .text.osMessageQueueGet
                0x0800a9a4       0xbc ./Middlewares/Third_Party/FreeRTOS/Source/CMSIS_RTOS_V2/cmsis_os2.o
                0x0800a9a4                osMessageQueueGet
 .text.vApplicationGetIdleTaskMemory
                0x0800aa60       0x34 ./Middlewares/Third_Party/FreeRTOS/Source/CMSIS_RTOS_V2/cmsis_os2.o
                0x0800aa60                vApplicationGetIdleTaskMemory
 .text.vApplicationGetTimerTaskMemory
                0x0800aa94       0x34 ./Middlewares/Third_Party/FreeRTOS/Source/CMSIS_RTOS_V2/cmsis_os2.o
                0x0800aa94                vApplicationGetTimerTaskMemory
 .text.vListInitialise
                0x0800aac8       0x40 ./Middlewares/Third_Party/FreeRTOS/Source/list.o
                0x0800aac8                vListInitialise
 .text.vListInitialiseItem
                0x0800ab08       0x1a ./Middlewares/Third_Party/FreeRTOS/Source/list.o
                0x0800ab08                vListInitialiseItem
 .text.vListInsertEnd
                0x0800ab22       0x48 ./Middlewares/Third_Party/FreeRTOS/Source/list.o
                0x0800ab22                vListInsertEnd
 .text.vListInsert
                0x0800ab6a       0x72 ./Middlewares/Third_Party/FreeRTOS/Source/list.o
                0x0800ab6a                vListInsert
 .text.uxListRemove
                0x0800abdc       0x54 ./Middlewares/Third_Party/FreeRTOS/Source/list.o
                0x0800abdc                uxListRemove
 .text.xQueueGenericReset
                0x0800ac30       0xd4 ./Middlewares/Third_Party/FreeRTOS/Source/queue.o
                0x0800ac30                xQueueGenericReset
 .text.xQueueGenericCreateStatic
                0x0800ad04       0xfa ./Middlewares/Third_Party/FreeRTOS/Source/queue.o
                0x0800ad04                xQueueGenericCreateStatic
 .text.xQueueGenericCreate
                0x0800adfe       0x76 ./Middlewares/Third_Party/FreeRTOS/Source/queue.o
                0x0800adfe                xQueueGenericCreate
 .text.prvInitialiseNewQueue
                0x0800ae74       0x46 ./Middlewares/Third_Party/FreeRTOS/Source/queue.o
 .text.xQueueCreateCountingSemaphoreStatic
                0x0800aeba       0x72 ./Middlewares/Third_Party/FreeRTOS/Source/queue.o
                0x0800aeba                xQueueCreateCountingSemaphoreStatic
 .text.xQueueCreateCountingSemaphore
                0x0800af2c       0x6a ./Middlewares/Third_Party/FreeRTOS/Source/queue.o
                0x0800af2c                xQueueCreateCountingSemaphore
 *fill*         0x0800af96        0x2 
 .text.xQueueGenericSend
                0x0800af98      0x204 ./Middlewares/Third_Party/FreeRTOS/Source/queue.o
                0x0800af98                xQueueGenericSend
 .text.xQueueGenericSendFromISR
                0x0800b19c      0x13c ./Middlewares/Third_Party/FreeRTOS/Source/queue.o
                0x0800b19c                xQueueGenericSendFromISR
 .text.xQueueGiveFromISR
                0x0800b2d8      0x120 ./Middlewares/Third_Party/FreeRTOS/Source/queue.o
                0x0800b2d8                xQueueGiveFromISR
 .text.xQueueReceive
                0x0800b3f8      0x1c4 ./Middlewares/Third_Party/FreeRTOS/Source/queue.o
                0x0800b3f8                xQueueReceive
 .text.xQueueSemaphoreTake
                0x0800b5bc      0x220 ./Middlewares/Third_Party/FreeRTOS/Source/queue.o
                0x0800b5bc                xQueueSemaphoreTake
 .text.xQueueReceiveFromISR
                0x0800b7dc      0x104 ./Middlewares/Third_Party/FreeRTOS/Source/queue.o
                0x0800b7dc                xQueueReceiveFromISR
 .text.vQueueDelete
                0x0800b8e0       0x48 ./Middlewares/Third_Party/FreeRTOS/Source/queue.o
                0x0800b8e0                vQueueDelete
 .text.prvGetDisinheritPriorityAfterTimeout
                0x0800b928       0x30 ./Middlewares/Third_Party/FreeRTOS/Source/queue.o
 .text.prvCopyDataToQueue
                0x0800b958       0xd4 ./Middlewares/Third_Party/FreeRTOS/Source/queue.o
 .text.prvCopyDataFromQueue
                0x0800ba2c       0x4c ./Middlewares/Third_Party/FreeRTOS/Source/queue.o
 .text.prvUnlockQueue
                0x0800ba78       0xa4 ./Middlewares/Third_Party/FreeRTOS/Source/queue.o
 .text.prvIsQueueEmpty
                0x0800bb1c       0x2c ./Middlewares/Third_Party/FreeRTOS/Source/queue.o
 .text.prvIsQueueFull
                0x0800bb48       0x30 ./Middlewares/Third_Party/FreeRTOS/Source/queue.o
 .text.vQueueAddToRegistry
                0x0800bb78       0x54 ./Middlewares/Third_Party/FreeRTOS/Source/queue.o
                0x0800bb78                vQueueAddToRegistry
 .text.vQueueUnregisterQueue
                0x0800bbcc       0x54 ./Middlewares/Third_Party/FreeRTOS/Source/queue.o
                0x0800bbcc                vQueueUnregisterQueue
 .text.vQueueWaitForMessageRestricted
                0x0800bc20       0x68 ./Middlewares/Third_Party/FreeRTOS/Source/queue.o
                0x0800bc20                vQueueWaitForMessageRestricted
 .text.xTaskCreateStatic
                0x0800bc88       0xc0 ./Middlewares/Third_Party/FreeRTOS/Source/tasks.o
                0x0800bc88                xTaskCreateStatic
 .text.xTaskCreate
                0x0800bd48       0x8a ./Middlewares/Third_Party/FreeRTOS/Source/tasks.o
                0x0800bd48                xTaskCreate
 *fill*         0x0800bdd2        0x2 
 .text.prvInitialiseNewTask
                0x0800bdd4      0x150 ./Middlewares/Third_Party/FreeRTOS/Source/tasks.o
 .text.prvAddNewTaskToReadyList
                0x0800bf24       0xe0 ./Middlewares/Third_Party/FreeRTOS/Source/tasks.o
 .text.vTaskDelay
                0x0800c004       0x6c ./Middlewares/Third_Party/FreeRTOS/Source/tasks.o
                0x0800c004                vTaskDelay
 .text.vTaskStartScheduler
                0x0800c070       0xe0 ./Middlewares/Third_Party/FreeRTOS/Source/tasks.o
                0x0800c070                vTaskStartScheduler
 .text.vTaskSuspendAll
                0x0800c150       0x1c ./Middlewares/Third_Party/FreeRTOS/Source/tasks.o
                0x0800c150                vTaskSuspendAll
 .text.xTaskResumeAll
                0x0800c16c      0x13c ./Middlewares/Third_Party/FreeRTOS/Source/tasks.o
                0x0800c16c                xTaskResumeAll
 .text.xTaskGetTickCount
                0x0800c2a8       0x20 ./Middlewares/Third_Party/FreeRTOS/Source/tasks.o
                0x0800c2a8                xTaskGetTickCount
 .text.xTaskGetTickCountFromISR
                0x0800c2c8       0x24 ./Middlewares/Third_Party/FreeRTOS/Source/tasks.o
                0x0800c2c8                xTaskGetTickCountFromISR
 .text.xTaskIncrementTick
                0x0800c2ec      0x174 ./Middlewares/Third_Party/FreeRTOS/Source/tasks.o
                0x0800c2ec                xTaskIncrementTick
 .text.vTaskSwitchContext
                0x0800c460       0xcc ./Middlewares/Third_Party/FreeRTOS/Source/tasks.o
                0x0800c460                vTaskSwitchContext
 .text.vTaskPlaceOnEventList
                0x0800c52c       0x4c ./Middlewares/Third_Party/FreeRTOS/Source/tasks.o
                0x0800c52c                vTaskPlaceOnEventList
 .text.vTaskPlaceOnEventListRestricted
                0x0800c578       0x58 ./Middlewares/Third_Party/FreeRTOS/Source/tasks.o
                0x0800c578                vTaskPlaceOnEventListRestricted
 .text.xTaskRemoveFromEventList
                0x0800c5d0       0xc8 ./Middlewares/Third_Party/FreeRTOS/Source/tasks.o
                0x0800c5d0                xTaskRemoveFromEventList
 .text.vTaskInternalSetTimeOutState
                0x0800c698       0x2c ./Middlewares/Third_Party/FreeRTOS/Source/tasks.o
                0x0800c698                vTaskInternalSetTimeOutState
 .text.xTaskCheckForTimeOut
                0x0800c6c4       0xc8 ./Middlewares/Third_Party/FreeRTOS/Source/tasks.o
                0x0800c6c4                xTaskCheckForTimeOut
 .text.vTaskMissedYield
                0x0800c78c       0x18 ./Middlewares/Third_Party/FreeRTOS/Source/tasks.o
                0x0800c78c                vTaskMissedYield
 .text.prvIdleTask
                0x0800c7a4       0x30 ./Middlewares/Third_Party/FreeRTOS/Source/tasks.o
 .text.prvInitialiseTaskLists
                0x0800c7d4       0x80 ./Middlewares/Third_Party/FreeRTOS/Source/tasks.o
 .text.prvCheckTasksWaitingTermination
                0x0800c854       0x5c ./Middlewares/Third_Party/FreeRTOS/Source/tasks.o
 .text.prvDeleteTCB
                0x0800c8b0       0x6a ./Middlewares/Third_Party/FreeRTOS/Source/tasks.o
 *fill*         0x0800c91a        0x2 
 .text.prvResetNextTaskUnblockTime
                0x0800c91c       0x40 ./Middlewares/Third_Party/FreeRTOS/Source/tasks.o
 .text.xTaskGetSchedulerState
                0x0800c95c       0x3c ./Middlewares/Third_Party/FreeRTOS/Source/tasks.o
                0x0800c95c                xTaskGetSchedulerState
 .text.xTaskPriorityInherit
                0x0800c998       0xd0 ./Middlewares/Third_Party/FreeRTOS/Source/tasks.o
                0x0800c998                xTaskPriorityInherit
 .text.xTaskPriorityDisinherit
                0x0800ca68       0xe0 ./Middlewares/Third_Party/FreeRTOS/Source/tasks.o
                0x0800ca68                xTaskPriorityDisinherit
 .text.vTaskPriorityDisinheritAfterTimeout
                0x0800cb48      0x108 ./Middlewares/Third_Party/FreeRTOS/Source/tasks.o
                0x0800cb48                vTaskPriorityDisinheritAfterTimeout
 .text.pvTaskIncrementMutexHeldCount
                0x0800cc50       0x28 ./Middlewares/Third_Party/FreeRTOS/Source/tasks.o
                0x0800cc50                pvTaskIncrementMutexHeldCount
 .text.prvAddCurrentTaskToDelayedList
                0x0800cc78       0xa8 ./Middlewares/Third_Party/FreeRTOS/Source/tasks.o
 .text.xTimerCreateTimerTask
                0x0800cd20       0x94 ./Middlewares/Third_Party/FreeRTOS/Source/timers.o
                0x0800cd20                xTimerCreateTimerTask
 .text.xTimerGenericCommand
                0x0800cdb4       0x9c ./Middlewares/Third_Party/FreeRTOS/Source/timers.o
                0x0800cdb4                xTimerGenericCommand
 .text.prvProcessExpiredTimer
                0x0800ce50       0x9c ./Middlewares/Third_Party/FreeRTOS/Source/timers.o
 .text.prvTimerTask
                0x0800ceec       0x26 ./Middlewares/Third_Party/FreeRTOS/Source/timers.o
 *fill*         0x0800cf12        0x2 
 .text.prvProcessTimerOrBlockTask
                0x0800cf14       0x9c ./Middlewares/Third_Party/FreeRTOS/Source/timers.o
 .text.prvGetNextExpireTime
                0x0800cfb0       0x48 ./Middlewares/Third_Party/FreeRTOS/Source/timers.o
 .text.prvSampleTimeNow
                0x0800cff8       0x40 ./Middlewares/Third_Party/FreeRTOS/Source/timers.o
 .text.prvInsertTimerInActiveList
                0x0800d038       0x84 ./Middlewares/Third_Party/FreeRTOS/Source/timers.o
 .text.prvProcessReceivedCommands
                0x0800d0bc      0x1cc ./Middlewares/Third_Party/FreeRTOS/Source/timers.o
 .text.prvSwitchTimerLists
                0x0800d288       0xcc ./Middlewares/Third_Party/FreeRTOS/Source/timers.o
 .text.prvCheckForValidListAndQueue
                0x0800d354       0x80 ./Middlewares/Third_Party/FreeRTOS/Source/timers.o
 .text.pxPortInitialiseStack
                0x0800d3d4       0x68 ./Middlewares/Third_Party/FreeRTOS/Source/portable/GCC/ARM_CM4F/port.o
                0x0800d3d4                pxPortInitialiseStack
 .text.prvTaskExitError
                0x0800d43c       0x5c ./Middlewares/Third_Party/FreeRTOS/Source/portable/GCC/ARM_CM4F/port.o
 *fill*         0x0800d498        0x8 
 .text.SVC_Handler
                0x0800d4a0       0x28 ./Middlewares/Third_Party/FreeRTOS/Source/portable/GCC/ARM_CM4F/port.o
                0x0800d4a0                SVC_Handler
 .text.prvPortStartFirstTask
                0x0800d4c8       0x28 ./Middlewares/Third_Party/FreeRTOS/Source/portable/GCC/ARM_CM4F/port.o
 .text.xPortStartScheduler
                0x0800d4f0      0x148 ./Middlewares/Third_Party/FreeRTOS/Source/portable/GCC/ARM_CM4F/port.o
                0x0800d4f0                xPortStartScheduler
 .text.vPortEnterCritical
                0x0800d638       0x64 ./Middlewares/Third_Party/FreeRTOS/Source/portable/GCC/ARM_CM4F/port.o
                0x0800d638                vPortEnterCritical
 .text.vPortExitCritical
                0x0800d69c       0x54 ./Middlewares/Third_Party/FreeRTOS/Source/portable/GCC/ARM_CM4F/port.o
                0x0800d69c                vPortExitCritical
 .text.PendSV_Handler
                0x0800d6f0       0x68 ./Middlewares/Third_Party/FreeRTOS/Source/portable/GCC/ARM_CM4F/port.o
                0x0800d6f0                PendSV_Handler
 .text.xPortSysTickHandler
                0x0800d758       0x44 ./Middlewares/Third_Party/FreeRTOS/Source/portable/GCC/ARM_CM4F/port.o
                0x0800d758                xPortSysTickHandler
 .text.vPortSetupTimerInterrupt
                0x0800d79c       0x48 ./Middlewares/Third_Party/FreeRTOS/Source/portable/GCC/ARM_CM4F/port.o
                0x0800d79c                vPortSetupTimerInterrupt
 .text.vPortEnableVFP
                0x0800d7e4       0x14 ./Middlewares/Third_Party/FreeRTOS/Source/portable/GCC/ARM_CM4F/port.o
 .text.vPortValidateInterruptPriority
                0x0800d7f8       0x84 ./Middlewares/Third_Party/FreeRTOS/Source/portable/GCC/ARM_CM4F/port.o
                0x0800d7f8                vPortValidateInterruptPriority
 .text.pvPortMalloc
                0x0800d87c      0x19c ./Middlewares/Third_Party/FreeRTOS/Source/portable/MemMang/heap_4.o
                0x0800d87c                pvPortMalloc
 .text.vPortFree
                0x0800da18       0xc8 ./Middlewares/Third_Party/FreeRTOS/Source/portable/MemMang/heap_4.o
                0x0800da18                vPortFree
 .text.prvHeapInit
                0x0800dae0       0xc4 ./Middlewares/Third_Party/FreeRTOS/Source/portable/MemMang/heap_4.o
 .text.prvInsertBlockIntoFreeList
                0x0800dba4       0xb4 ./Middlewares/Third_Party/FreeRTOS/Source/portable/MemMang/heap_4.o
 .text.std      0x0800dc58       0x6c E:/ST/STM32CubeIDE_1.18.0/STM32CubeIDE/plugins/com.st.stm32cube.ide.mcu.externaltools.gnu-tools-for-stm32.13.3.rel1.win32_1.0.0.202411081344/tools/bin/../lib/gcc/arm-none-eabi/13.3.1/../../../../arm-none-eabi/lib/thumb/v7e-m+fp/hard\libc_nano.a(libc_a-findfp.o)
 .text.stdio_exit_handler
                0x0800dcc4       0x18 E:/ST/STM32CubeIDE_1.18.0/STM32CubeIDE/plugins/com.st.stm32cube.ide.mcu.externaltools.gnu-tools-for-stm32.13.3.rel1.win32_1.0.0.202411081344/tools/bin/../lib/gcc/arm-none-eabi/13.3.1/../../../../arm-none-eabi/lib/thumb/v7e-m+fp/hard\libc_nano.a(libc_a-findfp.o)
 .text.cleanup_stdio
                0x0800dcdc       0x40 E:/ST/STM32CubeIDE_1.18.0/STM32CubeIDE/plugins/com.st.stm32cube.ide.mcu.externaltools.gnu-tools-for-stm32.13.3.rel1.win32_1.0.0.202411081344/tools/bin/../lib/gcc/arm-none-eabi/13.3.1/../../../../arm-none-eabi/lib/thumb/v7e-m+fp/hard\libc_nano.a(libc_a-findfp.o)
 .text.global_stdio_init.part.0
                0x0800dd1c       0x3c E:/ST/STM32CubeIDE_1.18.0/STM32CubeIDE/plugins/com.st.stm32cube.ide.mcu.externaltools.gnu-tools-for-stm32.13.3.rel1.win32_1.0.0.202411081344/tools/bin/../lib/gcc/arm-none-eabi/13.3.1/../../../../arm-none-eabi/lib/thumb/v7e-m+fp/hard\libc_nano.a(libc_a-findfp.o)
 .text.__sfp_lock_acquire
                0x0800dd58        0xc E:/ST/STM32CubeIDE_1.18.0/STM32CubeIDE/plugins/com.st.stm32cube.ide.mcu.externaltools.gnu-tools-for-stm32.13.3.rel1.win32_1.0.0.202411081344/tools/bin/../lib/gcc/arm-none-eabi/13.3.1/../../../../arm-none-eabi/lib/thumb/v7e-m+fp/hard\libc_nano.a(libc_a-findfp.o)
                0x0800dd58                __sfp_lock_acquire
 .text.__sfp_lock_release
                0x0800dd64        0xc E:/ST/STM32CubeIDE_1.18.0/STM32CubeIDE/plugins/com.st.stm32cube.ide.mcu.externaltools.gnu-tools-for-stm32.13.3.rel1.win32_1.0.0.202411081344/tools/bin/../lib/gcc/arm-none-eabi/13.3.1/../../../../arm-none-eabi/lib/thumb/v7e-m+fp/hard\libc_nano.a(libc_a-findfp.o)
                0x0800dd64                __sfp_lock_release
 .text.__sinit  0x0800dd70       0x30 E:/ST/STM32CubeIDE_1.18.0/STM32CubeIDE/plugins/com.st.stm32cube.ide.mcu.externaltools.gnu-tools-for-stm32.13.3.rel1.win32_1.0.0.202411081344/tools/bin/../lib/gcc/arm-none-eabi/13.3.1/../../../../arm-none-eabi/lib/thumb/v7e-m+fp/hard\libc_nano.a(libc_a-findfp.o)
                0x0800dd70                __sinit
 .text._fwalk_sglue
                0x0800dda0       0x3c E:/ST/STM32CubeIDE_1.18.0/STM32CubeIDE/plugins/com.st.stm32cube.ide.mcu.externaltools.gnu-tools-for-stm32.13.3.rel1.win32_1.0.0.202411081344/tools/bin/../lib/gcc/arm-none-eabi/13.3.1/../../../../arm-none-eabi/lib/thumb/v7e-m+fp/hard\libc_nano.a(libc_a-fwalk.o)
                0x0800dda0                _fwalk_sglue
 .text.printf   0x0800dddc       0x24 E:/ST/STM32CubeIDE_1.18.0/STM32CubeIDE/plugins/com.st.stm32cube.ide.mcu.externaltools.gnu-tools-for-stm32.13.3.rel1.win32_1.0.0.202411081344/tools/bin/../lib/gcc/arm-none-eabi/13.3.1/../../../../arm-none-eabi/lib/thumb/v7e-m+fp/hard\libc_nano.a(libc_a-printf.o)
                0x0800dddc                iprintf
                0x0800dddc                printf
 .text._puts_r  0x0800de00       0xaa E:/ST/STM32CubeIDE_1.18.0/STM32CubeIDE/plugins/com.st.stm32cube.ide.mcu.externaltools.gnu-tools-for-stm32.13.3.rel1.win32_1.0.0.202411081344/tools/bin/../lib/gcc/arm-none-eabi/13.3.1/../../../../arm-none-eabi/lib/thumb/v7e-m+fp/hard\libc_nano.a(libc_a-puts.o)
                0x0800de00                _puts_r
 *fill*         0x0800deaa        0x2 
 .text.puts     0x0800deac       0x10 E:/ST/STM32CubeIDE_1.18.0/STM32CubeIDE/plugins/com.st.stm32cube.ide.mcu.externaltools.gnu-tools-for-stm32.13.3.rel1.win32_1.0.0.202411081344/tools/bin/../lib/gcc/arm-none-eabi/13.3.1/../../../../arm-none-eabi/lib/thumb/v7e-m+fp/hard\libc_nano.a(libc_a-puts.o)
                0x0800deac                puts
 .text.__sread  0x0800debc       0x22 E:/ST/STM32CubeIDE_1.18.0/STM32CubeIDE/plugins/com.st.stm32cube.ide.mcu.externaltools.gnu-tools-for-stm32.13.3.rel1.win32_1.0.0.202411081344/tools/bin/../lib/gcc/arm-none-eabi/13.3.1/../../../../arm-none-eabi/lib/thumb/v7e-m+fp/hard\libc_nano.a(libc_a-stdio.o)
                0x0800debc                __sread
 .text.__swrite
                0x0800dede       0x38 E:/ST/STM32CubeIDE_1.18.0/STM32CubeIDE/plugins/com.st.stm32cube.ide.mcu.externaltools.gnu-tools-for-stm32.13.3.rel1.win32_1.0.0.202411081344/tools/bin/../lib/gcc/arm-none-eabi/13.3.1/../../../../arm-none-eabi/lib/thumb/v7e-m+fp/hard\libc_nano.a(libc_a-stdio.o)
                0x0800dede                __swrite
 .text.__sseek  0x0800df16       0x24 E:/ST/STM32CubeIDE_1.18.0/STM32CubeIDE/plugins/com.st.stm32cube.ide.mcu.externaltools.gnu-tools-for-stm32.13.3.rel1.win32_1.0.0.202411081344/tools/bin/../lib/gcc/arm-none-eabi/13.3.1/../../../../arm-none-eabi/lib/thumb/v7e-m+fp/hard\libc_nano.a(libc_a-stdio.o)
                0x0800df16                __sseek
 .text.__sclose
                0x0800df3a        0x8 E:/ST/STM32CubeIDE_1.18.0/STM32CubeIDE/plugins/com.st.stm32cube.ide.mcu.externaltools.gnu-tools-for-stm32.13.3.rel1.win32_1.0.0.202411081344/tools/bin/../lib/gcc/arm-none-eabi/13.3.1/../../../../arm-none-eabi/lib/thumb/v7e-m+fp/hard\libc_nano.a(libc_a-stdio.o)
                0x0800df3a                __sclose
 .text.__swbuf_r
                0x0800df42       0x7c E:/ST/STM32CubeIDE_1.18.0/STM32CubeIDE/plugins/com.st.stm32cube.ide.mcu.externaltools.gnu-tools-for-stm32.13.3.rel1.win32_1.0.0.202411081344/tools/bin/../lib/gcc/arm-none-eabi/13.3.1/../../../../arm-none-eabi/lib/thumb/v7e-m+fp/hard\libc_nano.a(libc_a-wbuf.o)
                0x0800df42                __swbuf_r
 *fill*         0x0800dfbe        0x2 
 .text.__swsetup_r
                0x0800dfc0       0xac E:/ST/STM32CubeIDE_1.18.0/STM32CubeIDE/plugins/com.st.stm32cube.ide.mcu.externaltools.gnu-tools-for-stm32.13.3.rel1.win32_1.0.0.202411081344/tools/bin/../lib/gcc/arm-none-eabi/13.3.1/../../../../arm-none-eabi/lib/thumb/v7e-m+fp/hard\libc_nano.a(libc_a-wsetup.o)
                0x0800dfc0                __swsetup_r
 .text.memset   0x0800e06c       0x10 E:/ST/STM32CubeIDE_1.18.0/STM32CubeIDE/plugins/com.st.stm32cube.ide.mcu.externaltools.gnu-tools-for-stm32.13.3.rel1.win32_1.0.0.202411081344/tools/bin/../lib/gcc/arm-none-eabi/13.3.1/../../../../arm-none-eabi/lib/thumb/v7e-m+fp/hard\libc_nano.a(libc_a-memset.o)
                0x0800e06c                memset
 .text._close_r
                0x0800e07c       0x20 E:/ST/STM32CubeIDE_1.18.0/STM32CubeIDE/plugins/com.st.stm32cube.ide.mcu.externaltools.gnu-tools-for-stm32.13.3.rel1.win32_1.0.0.202411081344/tools/bin/../lib/gcc/arm-none-eabi/13.3.1/../../../../arm-none-eabi/lib/thumb/v7e-m+fp/hard\libc_nano.a(libc_a-closer.o)
                0x0800e07c                _close_r
 .text._reclaim_reent
                0x0800e09c       0xbc E:/ST/STM32CubeIDE_1.18.0/STM32CubeIDE/plugins/com.st.stm32cube.ide.mcu.externaltools.gnu-tools-for-stm32.13.3.rel1.win32_1.0.0.202411081344/tools/bin/../lib/gcc/arm-none-eabi/13.3.1/../../../../arm-none-eabi/lib/thumb/v7e-m+fp/hard\libc_nano.a(libc_a-reent.o)
                0x0800e09c                _reclaim_reent
 .text._lseek_r
                0x0800e158       0x24 E:/ST/STM32CubeIDE_1.18.0/STM32CubeIDE/plugins/com.st.stm32cube.ide.mcu.externaltools.gnu-tools-for-stm32.13.3.rel1.win32_1.0.0.202411081344/tools/bin/../lib/gcc/arm-none-eabi/13.3.1/../../../../arm-none-eabi/lib/thumb/v7e-m+fp/hard\libc_nano.a(libc_a-lseekr.o)
                0x0800e158                _lseek_r
 .text._read_r  0x0800e17c       0x24 E:/ST/STM32CubeIDE_1.18.0/STM32CubeIDE/plugins/com.st.stm32cube.ide.mcu.externaltools.gnu-tools-for-stm32.13.3.rel1.win32_1.0.0.202411081344/tools/bin/../lib/gcc/arm-none-eabi/13.3.1/../../../../arm-none-eabi/lib/thumb/v7e-m+fp/hard\libc_nano.a(libc_a-readr.o)
                0x0800e17c                _read_r
 .text._write_r
                0x0800e1a0       0x24 E:/ST/STM32CubeIDE_1.18.0/STM32CubeIDE/plugins/com.st.stm32cube.ide.mcu.externaltools.gnu-tools-for-stm32.13.3.rel1.win32_1.0.0.202411081344/tools/bin/../lib/gcc/arm-none-eabi/13.3.1/../../../../arm-none-eabi/lib/thumb/v7e-m+fp/hard\libc_nano.a(libc_a-writer.o)
                0x0800e1a0                _write_r
 .text.__errno  0x0800e1c4        0xc E:/ST/STM32CubeIDE_1.18.0/STM32CubeIDE/plugins/com.st.stm32cube.ide.mcu.externaltools.gnu-tools-for-stm32.13.3.rel1.win32_1.0.0.202411081344/tools/bin/../lib/gcc/arm-none-eabi/13.3.1/../../../../arm-none-eabi/lib/thumb/v7e-m+fp/hard\libc_nano.a(libc_a-errno.o)
                0x0800e1c4                __errno
 .text.__libc_init_array
                0x0800e1d0       0x48 E:/ST/STM32CubeIDE_1.18.0/STM32CubeIDE/plugins/com.st.stm32cube.ide.mcu.externaltools.gnu-tools-for-stm32.13.3.rel1.win32_1.0.0.202411081344/tools/bin/../lib/gcc/arm-none-eabi/13.3.1/../../../../arm-none-eabi/lib/thumb/v7e-m+fp/hard\libc_nano.a(libc_a-init.o)
                0x0800e1d0                __libc_init_array
 .text.__retarget_lock_init_recursive
                0x0800e218        0x2 E:/ST/STM32CubeIDE_1.18.0/STM32CubeIDE/plugins/com.st.stm32cube.ide.mcu.externaltools.gnu-tools-for-stm32.13.3.rel1.win32_1.0.0.202411081344/tools/bin/../lib/gcc/arm-none-eabi/13.3.1/../../../../arm-none-eabi/lib/thumb/v7e-m+fp/hard\libc_nano.a(libc_a-lock.o)
                0x0800e218                __retarget_lock_init_recursive
 .text.__retarget_lock_acquire_recursive
                0x0800e21a        0x2 E:/ST/STM32CubeIDE_1.18.0/STM32CubeIDE/plugins/com.st.stm32cube.ide.mcu.externaltools.gnu-tools-for-stm32.13.3.rel1.win32_1.0.0.202411081344/tools/bin/../lib/gcc/arm-none-eabi/13.3.1/../../../../arm-none-eabi/lib/thumb/v7e-m+fp/hard\libc_nano.a(libc_a-lock.o)
                0x0800e21a                __retarget_lock_acquire_recursive
 .text.__retarget_lock_release_recursive
                0x0800e21c        0x2 E:/ST/STM32CubeIDE_1.18.0/STM32CubeIDE/plugins/com.st.stm32cube.ide.mcu.externaltools.gnu-tools-for-stm32.13.3.rel1.win32_1.0.0.202411081344/tools/bin/../lib/gcc/arm-none-eabi/13.3.1/../../../../arm-none-eabi/lib/thumb/v7e-m+fp/hard\libc_nano.a(libc_a-lock.o)
                0x0800e21c                __retarget_lock_release_recursive
 .text.memcpy   0x0800e21e       0x1c E:/ST/STM32CubeIDE_1.18.0/STM32CubeIDE/plugins/com.st.stm32cube.ide.mcu.externaltools.gnu-tools-for-stm32.13.3.rel1.win32_1.0.0.202411081344/tools/bin/../lib/gcc/arm-none-eabi/13.3.1/../../../../arm-none-eabi/lib/thumb/v7e-m+fp/hard\libc_nano.a(libc_a-memcpy-stub.o)
                0x0800e21e                memcpy
 *fill*         0x0800e23a        0x2 
 .text._free_r  0x0800e23c       0x94 E:/ST/STM32CubeIDE_1.18.0/STM32CubeIDE/plugins/com.st.stm32cube.ide.mcu.externaltools.gnu-tools-for-stm32.13.3.rel1.win32_1.0.0.202411081344/tools/bin/../lib/gcc/arm-none-eabi/13.3.1/../../../../arm-none-eabi/lib/thumb/v7e-m+fp/hard\libc_nano.a(libc_a-freer.o)
                0x0800e23c                _free_r
 .text.sbrk_aligned
                0x0800e2d0       0x44 E:/ST/STM32CubeIDE_1.18.0/STM32CubeIDE/plugins/com.st.stm32cube.ide.mcu.externaltools.gnu-tools-for-stm32.13.3.rel1.win32_1.0.0.202411081344/tools/bin/../lib/gcc/arm-none-eabi/13.3.1/../../../../arm-none-eabi/lib/thumb/v7e-m+fp/hard\libc_nano.a(libc_a-mallocr.o)
 .text._malloc_r
                0x0800e314      0x100 E:/ST/STM32CubeIDE_1.18.0/STM32CubeIDE/plugins/com.st.stm32cube.ide.mcu.externaltools.gnu-tools-for-stm32.13.3.rel1.win32_1.0.0.202411081344/tools/bin/../lib/gcc/arm-none-eabi/13.3.1/../../../../arm-none-eabi/lib/thumb/v7e-m+fp/hard\libc_nano.a(libc_a-mallocr.o)
                0x0800e314                _malloc_r
 .text.__malloc_lock
                0x0800e414        0xc E:/ST/STM32CubeIDE_1.18.0/STM32CubeIDE/plugins/com.st.stm32cube.ide.mcu.externaltools.gnu-tools-for-stm32.13.3.rel1.win32_1.0.0.202411081344/tools/bin/../lib/gcc/arm-none-eabi/13.3.1/../../../../arm-none-eabi/lib/thumb/v7e-m+fp/hard\libc_nano.a(libc_a-mlock.o)
                0x0800e414                __malloc_lock
 .text.__malloc_unlock
                0x0800e420        0xc E:/ST/STM32CubeIDE_1.18.0/STM32CubeIDE/plugins/com.st.stm32cube.ide.mcu.externaltools.gnu-tools-for-stm32.13.3.rel1.win32_1.0.0.202411081344/tools/bin/../lib/gcc/arm-none-eabi/13.3.1/../../../../arm-none-eabi/lib/thumb/v7e-m+fp/hard\libc_nano.a(libc_a-mlock.o)
                0x0800e420                __malloc_unlock
 .text.__sfputc_r
                0x0800e42c       0x2e E:/ST/STM32CubeIDE_1.18.0/STM32CubeIDE/plugins/com.st.stm32cube.ide.mcu.externaltools.gnu-tools-for-stm32.13.3.rel1.win32_1.0.0.202411081344/tools/bin/../lib/gcc/arm-none-eabi/13.3.1/../../../../arm-none-eabi/lib/thumb/v7e-m+fp/hard\libc_nano.a(libc_a-nano-vfprintf.o)
 .text.__sfputs_r
                0x0800e45a       0x24 E:/ST/STM32CubeIDE_1.18.0/STM32CubeIDE/plugins/com.st.stm32cube.ide.mcu.externaltools.gnu-tools-for-stm32.13.3.rel1.win32_1.0.0.202411081344/tools/bin/../lib/gcc/arm-none-eabi/13.3.1/../../../../arm-none-eabi/lib/thumb/v7e-m+fp/hard\libc_nano.a(libc_a-nano-vfprintf.o)
                0x0800e45a                __sfputs_r
 *fill*         0x0800e47e        0x2 
 .text._vfprintf_r
                0x0800e480      0x230 E:/ST/STM32CubeIDE_1.18.0/STM32CubeIDE/plugins/com.st.stm32cube.ide.mcu.externaltools.gnu-tools-for-stm32.13.3.rel1.win32_1.0.0.202411081344/tools/bin/../lib/gcc/arm-none-eabi/13.3.1/../../../../arm-none-eabi/lib/thumb/v7e-m+fp/hard\libc_nano.a(libc_a-nano-vfprintf.o)
                0x0800e480                _vfprintf_r
                0x0800e480                _vfiprintf_r
 .text._printf_common
                0x0800e6b0       0xda E:/ST/STM32CubeIDE_1.18.0/STM32CubeIDE/plugins/com.st.stm32cube.ide.mcu.externaltools.gnu-tools-for-stm32.13.3.rel1.win32_1.0.0.202411081344/tools/bin/../lib/gcc/arm-none-eabi/13.3.1/../../../../arm-none-eabi/lib/thumb/v7e-m+fp/hard\libc_nano.a(libc_a-nano-vfprintf_i.o)
                0x0800e6b0                _printf_common
 *fill*         0x0800e78a        0x2 
 .text._printf_i
                0x0800e78c      0x23c E:/ST/STM32CubeIDE_1.18.0/STM32CubeIDE/plugins/com.st.stm32cube.ide.mcu.externaltools.gnu-tools-for-stm32.13.3.rel1.win32_1.0.0.202411081344/tools/bin/../lib/gcc/arm-none-eabi/13.3.1/../../../../arm-none-eabi/lib/thumb/v7e-m+fp/hard\libc_nano.a(libc_a-nano-vfprintf_i.o)
                0x0800e78c                _printf_i
 .text.__sflush_r
                0x0800e9c8      0x108 E:/ST/STM32CubeIDE_1.18.0/STM32CubeIDE/plugins/com.st.stm32cube.ide.mcu.externaltools.gnu-tools-for-stm32.13.3.rel1.win32_1.0.0.202411081344/tools/bin/../lib/gcc/arm-none-eabi/13.3.1/../../../../arm-none-eabi/lib/thumb/v7e-m+fp/hard\libc_nano.a(libc_a-fflush.o)
                0x0800e9c8                __sflush_r
 .text._fflush_r
                0x0800ead0       0x50 E:/ST/STM32CubeIDE_1.18.0/STM32CubeIDE/plugins/com.st.stm32cube.ide.mcu.externaltools.gnu-tools-for-stm32.13.3.rel1.win32_1.0.0.202411081344/tools/bin/../lib/gcc/arm-none-eabi/13.3.1/../../../../arm-none-eabi/lib/thumb/v7e-m+fp/hard\libc_nano.a(libc_a-fflush.o)
                0x0800ead0                _fflush_r
 .text.__swhatbuf_r
                0x0800eb20       0x4c E:/ST/STM32CubeIDE_1.18.0/STM32CubeIDE/plugins/com.st.stm32cube.ide.mcu.externaltools.gnu-tools-for-stm32.13.3.rel1.win32_1.0.0.202411081344/tools/bin/../lib/gcc/arm-none-eabi/13.3.1/../../../../arm-none-eabi/lib/thumb/v7e-m+fp/hard\libc_nano.a(libc_a-makebuf.o)
                0x0800eb20                __swhatbuf_r
 .text.__smakebuf_r
                0x0800eb6c       0x78 E:/ST/STM32CubeIDE_1.18.0/STM32CubeIDE/plugins/com.st.stm32cube.ide.mcu.externaltools.gnu-tools-for-stm32.13.3.rel1.win32_1.0.0.202411081344/tools/bin/../lib/gcc/arm-none-eabi/13.3.1/../../../../arm-none-eabi/lib/thumb/v7e-m+fp/hard\libc_nano.a(libc_a-makebuf.o)
                0x0800eb6c                __smakebuf_r
 .text._fstat_r
                0x0800ebe4       0x24 E:/ST/STM32CubeIDE_1.18.0/STM32CubeIDE/plugins/com.st.stm32cube.ide.mcu.externaltools.gnu-tools-for-stm32.13.3.rel1.win32_1.0.0.202411081344/tools/bin/../lib/gcc/arm-none-eabi/13.3.1/../../../../arm-none-eabi/lib/thumb/v7e-m+fp/hard\libc_nano.a(libc_a-fstatr.o)
                0x0800ebe4                _fstat_r
 .text._isatty_r
                0x0800ec08       0x20 E:/ST/STM32CubeIDE_1.18.0/STM32CubeIDE/plugins/com.st.stm32cube.ide.mcu.externaltools.gnu-tools-for-stm32.13.3.rel1.win32_1.0.0.202411081344/tools/bin/../lib/gcc/arm-none-eabi/13.3.1/../../../../arm-none-eabi/lib/thumb/v7e-m+fp/hard\libc_nano.a(libc_a-isattyr.o)
                0x0800ec08                _isatty_r
 .text._sbrk_r  0x0800ec28       0x20 E:/ST/STM32CubeIDE_1.18.0/STM32CubeIDE/plugins/com.st.stm32cube.ide.mcu.externaltools.gnu-tools-for-stm32.13.3.rel1.win32_1.0.0.202411081344/tools/bin/../lib/gcc/arm-none-eabi/13.3.1/../../../../arm-none-eabi/lib/thumb/v7e-m+fp/hard\libc_nano.a(libc_a-sbrkr.o)
                0x0800ec28                _sbrk_r
 *(.glue_7)
 .glue_7        0x0800ec48        0x0 linker stubs
 *(.glue_7t)
 .glue_7t       0x0800ec48        0x0 linker stubs
 *(.eh_frame)
 .eh_frame      0x0800ec48        0x0 E:/ST/STM32CubeIDE_1.18.0/STM32CubeIDE/plugins/com.st.stm32cube.ide.mcu.externaltools.gnu-tools-for-stm32.13.3.rel1.win32_1.0.0.202411081344/tools/bin/../lib/gcc/arm-none-eabi/13.3.1/thumb/v7e-m+fp/hard/crtbegin.o
 *(.init)
 .init          0x0800ec48        0x4 E:/ST/STM32CubeIDE_1.18.0/STM32CubeIDE/plugins/com.st.stm32cube.ide.mcu.externaltools.gnu-tools-for-stm32.13.3.rel1.win32_1.0.0.202411081344/tools/bin/../lib/gcc/arm-none-eabi/13.3.1/thumb/v7e-m+fp/hard/crti.o
                0x0800ec48                _init
 .init          0x0800ec4c        0x8 E:/ST/STM32CubeIDE_1.18.0/STM32CubeIDE/plugins/com.st.stm32cube.ide.mcu.externaltools.gnu-tools-for-stm32.13.3.rel1.win32_1.0.0.202411081344/tools/bin/../lib/gcc/arm-none-eabi/13.3.1/thumb/v7e-m+fp/hard/crtn.o
 *(.fini)
 .fini          0x0800ec54        0x4 E:/ST/STM32CubeIDE_1.18.0/STM32CubeIDE/plugins/com.st.stm32cube.ide.mcu.externaltools.gnu-tools-for-stm32.13.3.rel1.win32_1.0.0.202411081344/tools/bin/../lib/gcc/arm-none-eabi/13.3.1/thumb/v7e-m+fp/hard/crti.o
                0x0800ec54                _fini
 .fini          0x0800ec58        0x8 E:/ST/STM32CubeIDE_1.18.0/STM32CubeIDE/plugins/com.st.stm32cube.ide.mcu.externaltools.gnu-tools-for-stm32.13.3.rel1.win32_1.0.0.202411081344/tools/bin/../lib/gcc/arm-none-eabi/13.3.1/thumb/v7e-m+fp/hard/crtn.o
                0x0800ec60                        . = ALIGN (0x4)
                0x0800ec60                        _etext = .

.vfp11_veneer   0x0800ec60        0x0
 .vfp11_veneer  0x0800ec60        0x0 linker stubs

.v4_bx          0x0800ec60        0x0
 .v4_bx         0x0800ec60        0x0 linker stubs

.iplt           0x0800ec60        0x0
 .iplt          0x0800ec60        0x0 E:/ST/STM32CubeIDE_1.18.0/STM32CubeIDE/plugins/com.st.stm32cube.ide.mcu.externaltools.gnu-tools-for-stm32.13.3.rel1.win32_1.0.0.202411081344/tools/bin/../lib/gcc/arm-none-eabi/13.3.1/thumb/v7e-m+fp/hard/crtbegin.o

.rodata         0x0800ec60    0x2b050
                0x0800ec60                        . = ALIGN (0x4)
 *(.rodata)
 .rodata        0x0800ec60      0x2ff ./Core/Src/filemanager.o
 *fill*         0x0800ef5f        0x1 
 .rodata        0x0800ef60       0x5a ./Core/Src/freertos.o
 *fill*         0x0800efba        0x2 
 .rodata        0x0800efbc       0x2d ./Core/Src/main.o
 *fill*         0x0800efe9        0x3 
 .rodata        0x0800efec       0x48 ./Middlewares/Third_Party/FatFs/src/ff.o
 .rodata        0x0800f034        0x5 ./Middlewares/Third_Party/FreeRTOS/Source/tasks.o
 *fill*         0x0800f039        0x3 
 .rodata        0x0800f03c        0xd ./Middlewares/Third_Party/FreeRTOS/Source/timers.o
 *(.rodata*)
 *fill*         0x0800f049        0x3 
 .rodata.i2sDmaSemaphore_attr
                0x0800f04c       0x10 ./Core/Src/freertos.o
                0x0800f04c                i2sDmaSemaphore_attr
 .rodata.defaultTask_attributes
                0x0800f05c       0x24 ./Core/Src/freertos.o
                0x0800f05c                defaultTask_attributes
 .rodata.AHBPrescTable
                0x0800f080       0x10 ./Core/Src/system_stm32f4xx.o
                0x0800f080                AHBPrescTable
 .rodata.APBPrescTable
                0x0800f090        0x8 ./Core/Src/system_stm32f4xx.o
                0x0800f090                APBPrescTable
 .rodata.flagBitshiftOffset.0
                0x0800f098        0x8 ./Drivers/STM32F4xx_HAL_Driver/Src/stm32f4xx_hal_dma.o
 .rodata.SD_Driver
                0x0800f0a0       0x14 ./FATFS/Target/sd_diskio.o
                0x0800f0a0                SD_Driver
 .rodata.LfnOfs
                0x0800f0b4        0xd ./Middlewares/Third_Party/FatFs/src/ff.o
 *fill*         0x0800f0c1        0x3 
 .rodata.uni2oem
                0x0800f0c4    0x15484 ./Middlewares/Third_Party/FatFs/src/option/cc936.o
 .rodata.oem2uni
                0x08024548    0x15484 ./Middlewares/Third_Party/FatFs/src/option/cc936.o
 .rodata.cvt1.1
                0x080399cc      0x1f2 ./Middlewares/Third_Party/FatFs/src/option/cc936.o
 *fill*         0x08039bbe        0x2 
 .rodata.cvt2.0
                0x08039bc0       0xbc ./Middlewares/Third_Party/FatFs/src/option/cc936.o
 .rodata._vfprintf_r.str1.1
                0x08039c7c       0x33 E:/ST/STM32CubeIDE_1.18.0/STM32CubeIDE/plugins/com.st.stm32cube.ide.mcu.externaltools.gnu-tools-for-stm32.13.3.rel1.win32_1.0.0.202411081344/tools/bin/../lib/gcc/arm-none-eabi/13.3.1/../../../../arm-none-eabi/lib/thumb/v7e-m+fp/hard\libc_nano.a(libc_a-nano-vfprintf.o)
                                 0x11 (size before relaxing)
 .rodata._printf_i.str1.1
                0x08039caf       0x22 E:/ST/STM32CubeIDE_1.18.0/STM32CubeIDE/plugins/com.st.stm32cube.ide.mcu.externaltools.gnu-tools-for-stm32.13.3.rel1.win32_1.0.0.202411081344/tools/bin/../lib/gcc/arm-none-eabi/13.3.1/../../../../arm-none-eabi/lib/thumb/v7e-m+fp/hard\libc_nano.a(libc_a-nano-vfprintf_i.o)
                0x08039cd4                        . = ALIGN (0x4)
 *fill*         0x08039caf        0x1 

.ARM.extab      0x08039cb0        0x0
                0x08039cb0                        . = ALIGN (0x4)
 *(.ARM.extab* .gnu.linkonce.armextab.*)
                0x08039cb0                        . = ALIGN (0x4)

.ARM            0x08039cb0        0x8
                0x08039cb0                        . = ALIGN (0x4)
                0x08039cb0                        __exidx_start = .
 *(.ARM.exidx*)
 .ARM.exidx     0x08039cb0        0x8 E:/ST/STM32CubeIDE_1.18.0/STM32CubeIDE/plugins/com.st.stm32cube.ide.mcu.externaltools.gnu-tools-for-stm32.13.3.rel1.win32_1.0.0.202411081344/tools/bin/../lib/gcc/arm-none-eabi/13.3.1/../../../../arm-none-eabi/lib/thumb/v7e-m+fp/hard\libc_nano.a(libc_a-memchr.o)
 .ARM.exidx     0x08039cb8        0x0 E:/ST/STM32CubeIDE_1.18.0/STM32CubeIDE/plugins/com.st.stm32cube.ide.mcu.externaltools.gnu-tools-for-stm32.13.3.rel1.win32_1.0.0.202411081344/tools/bin/../lib/gcc/arm-none-eabi/13.3.1/thumb/v7e-m+fp/hard\libgcc.a(_udivmoddi4.o)
                                  0x8 (size before relaxing)
                0x08039cb8                        __exidx_end = .
                0x08039cb8                        . = ALIGN (0x4)

.preinit_array  0x08039cb8        0x0
                0x08039cb8                        . = ALIGN (0x4)
                0x08039cb8                        PROVIDE (__preinit_array_start = .)
 *(.preinit_array*)
                0x08039cb8                        PROVIDE (__preinit_array_end = .)
                0x08039cb8                        . = ALIGN (0x4)

.init_array     0x08039cb8        0x4
                0x08039cb8                        . = ALIGN (0x4)
                0x08039cb8                        PROVIDE (__init_array_start = .)
 *(SORT_BY_NAME(.init_array.*))
 *(.init_array*)
 .init_array    0x08039cb8        0x4 E:/ST/STM32CubeIDE_1.18.0/STM32CubeIDE/plugins/com.st.stm32cube.ide.mcu.externaltools.gnu-tools-for-stm32.13.3.rel1.win32_1.0.0.202411081344/tools/bin/../lib/gcc/arm-none-eabi/13.3.1/thumb/v7e-m+fp/hard/crtbegin.o
                0x08039cbc                        PROVIDE (__init_array_end = .)
                0x08039cbc                        . = ALIGN (0x4)

.fini_array     0x08039cbc        0x4
                0x08039cbc                        . = ALIGN (0x4)
                [!provide]                        PROVIDE (__fini_array_start = .)
 *(SORT_BY_NAME(.fini_array.*))
 *(.fini_array*)
 .fini_array    0x08039cbc        0x4 E:/ST/STM32CubeIDE_1.18.0/STM32CubeIDE/plugins/com.st.stm32cube.ide.mcu.externaltools.gnu-tools-for-stm32.13.3.rel1.win32_1.0.0.202411081344/tools/bin/../lib/gcc/arm-none-eabi/13.3.1/thumb/v7e-m+fp/hard/crtbegin.o
                [!provide]                        PROVIDE (__fini_array_end = .)
                0x08039cc0                        . = ALIGN (0x4)
                0x08039cc0                        _sidata = LOADADDR (.data)

.rel.dyn        0x08039cc0        0x0
 .rel.iplt      0x08039cc0        0x0 E:/ST/STM32CubeIDE_1.18.0/STM32CubeIDE/plugins/com.st.stm32cube.ide.mcu.externaltools.gnu-tools-for-stm32.13.3.rel1.win32_1.0.0.202411081344/tools/bin/../lib/gcc/arm-none-eabi/13.3.1/thumb/v7e-m+fp/hard/crtbegin.o

.data           0x20000000       0x70 load address 0x08039cc0
                0x20000000                        . = ALIGN (0x4)
                0x20000000                        _sdata = .
 *(.data)
 *(.data*)
 .data.sample_bytes
                0x20000000        0x1 ./Core/Src/freertos.o
                0x20000000                sample_bytes
 *fill*         0x20000001        0x3 
 .data.SystemCoreClock
                0x20000004        0x4 ./Core/Src/system_stm32f4xx.o
                0x20000004                SystemCoreClock
 .data.uwTickPrio
                0x20000008        0x4 ./Drivers/STM32F4xx_HAL_Driver/Src/stm32f4xx_hal.o
                0x20000008                uwTickPrio
 .data.uwTickFreq
                0x2000000c        0x1 ./Drivers/STM32F4xx_HAL_Driver/Src/stm32f4xx_hal.o
                0x2000000c                uwTickFreq
 .data.Stat     0x2000000d        0x1 ./FATFS/Target/sd_diskio.o
 *fill*         0x2000000e        0x2 
 .data.uxCriticalNesting
                0x20000010        0x4 ./Middlewares/Third_Party/FreeRTOS/Source/portable/GCC/ARM_CM4F/port.o
 .data.__sglue  0x20000014        0xc E:/ST/STM32CubeIDE_1.18.0/STM32CubeIDE/plugins/com.st.stm32cube.ide.mcu.externaltools.gnu-tools-for-stm32.13.3.rel1.win32_1.0.0.202411081344/tools/bin/../lib/gcc/arm-none-eabi/13.3.1/../../../../arm-none-eabi/lib/thumb/v7e-m+fp/hard\libc_nano.a(libc_a-findfp.o)
                0x20000014                __sglue
 .data._impure_ptr
                0x20000020        0x4 E:/ST/STM32CubeIDE_1.18.0/STM32CubeIDE/plugins/com.st.stm32cube.ide.mcu.externaltools.gnu-tools-for-stm32.13.3.rel1.win32_1.0.0.202411081344/tools/bin/../lib/gcc/arm-none-eabi/13.3.1/../../../../arm-none-eabi/lib/thumb/v7e-m+fp/hard\libc_nano.a(libc_a-impure.o)
                0x20000020                _impure_ptr
 .data._impure_data
                0x20000024       0x4c E:/ST/STM32CubeIDE_1.18.0/STM32CubeIDE/plugins/com.st.stm32cube.ide.mcu.externaltools.gnu-tools-for-stm32.13.3.rel1.win32_1.0.0.202411081344/tools/bin/../lib/gcc/arm-none-eabi/13.3.1/../../../../arm-none-eabi/lib/thumb/v7e-m+fp/hard\libc_nano.a(libc_a-impure.o)
                0x20000024                _impure_data
 *(.RamFunc)
 *(.RamFunc*)
                0x20000070                        . = ALIGN (0x4)
                0x20000070                        _edata = .
                0x08039d30                        _siccmram = LOADADDR (.ccmram)

.igot.plt       0x20000070        0x0 load address 0x08039d30